[TF-HOOK] loaded v6.5 (patch all raw-stream loads)
[AppSpawnX] ========================================
[AppSpawnX] appspawn-x hybrid spawner starting
[AppSpawnX]   pid=3693  uid=0  gid=0
[AppSpawnX] ========================================
[MAIN] >>> Phase 1 START <<<
[AppSpawnX] Phase 1: Initializing OH security modules...
[AppSpawnX] Initializing security modules
[AppSpawnX] Loading sandbox config from: /system/etc/appspawn_x_sandbox.json
[AppSpawnX][W] Sandbox config not readable: /system/etc/appspawn_x_sandbox.json (errno=2: No such file or directory)
[AppSpawnX][W] Continuing without sandbox config – apps will run without filesystem isolation
[AppSpawnX] Initializing SELinux labeling
[AppSpawnX][D] SELinux labeling: stub initialized
[AppSpawnX] Initializing AccessToken management
[AppSpawnX][D] AccessToken management: stub initialized
[AppSpawnX] SIGCHLD handler installed
[AppSpawnX] Security modules initialized successfully
[MAIN] initSecurity ret=0
[AppSpawnX] Env OHOS_SOCKET_AppSpawnX not set, falling back to manual bind (standalone mode)
[AppSpawnX] Creating listen socket manually: /dev/unix/socket/AppSpawnX
[AppSpawnX] Listen socket ready (manual): fd=5 path=/dev/unix/socket/AppSpawnX
[MAIN] createListenSocket ret=0
[MAIN] >>> Phase 1 DONE <<<
[MAIN] >>> Phase 2 START <<<
[AppSpawnX] Phase 2: Initializing Android Runtime (ART VM)...
[MAIN] starting ART VM on MAIN thread (CMS)
[AppSpawnX][VM] Starting ART VM initialization
[AppSpawnX][VM] Step 1: JniInvocation::Init (dlopen libart.so)...
[AppSpawnX][VM] Step 1: OK - libart.so loaded
[AppSpawnX][VM] Step 2: BOOTCLASSPATH=/system/android/framework/core-oj.jar:/system/android/framework/core-libart.jar:/system/android/framework/core-icu4j.jar:/system/android/framework/okhttp.jar:/system/android/framework/bouncycastle.jar:/system/android/framework/apache-xml.jar:/system/android/framework/adapter-mainline-stubs.jar:/system/android/framework/framework.jar:/system/android/framework/oh-adapter-framework.jar
[AppSpawnX][VM] Step 2: Boot image=/system/android/framework/boot.art
[AppSpawnX][W] ART JIT DISABLED via APPSPAWNX_NO_JIT=1
[AppSpawnX][VM] Step 3: Creating JavaVM with 5 options
[AppSpawnX][VM]   option[0]: -Xzygote
[AppSpawnX][VM]   option[1]: -Xbootclasspath:/system/android/framework/core-oj.jar:/system/android/framework/core-libart.jar:/system/android/framework/core-icu4j.jar:/system/android/framework/okhttp.jar:/system/android/framework/bouncycastle.jar:/system/android/framework/apache-xml.jar:/system/android/framework/adapter-mainline-stubs.jar:/system/android/framework/framework.jar:/system/android/framework/oh-adapter-framework.jar
[AppSpawnX][VM]   option[2]: -Ximage:/system/android/framework/boot.art
[AppSpawnX][VM]   option[3]: -verbose:startup
[AppSpawnX][VM]   option[4]: -Xusejit:false
[AppSpawnX][VM] Step 4: Calling JNI_CreateJavaVM...
appspawn-x I 01-01 10:21:00  3693  3693 parsed_options.cc:646] option[0]=-Xzygote
appspawn-x I 01-01 10:21:00  3693  3693 parsed_options.cc:646] option[1]=-Xbootclasspath:/system/android/framework/core-oj.jar:/system/android/framework/core-libart.jar:/system/android/framework/core-icu4j.jar:/system/android/framework/okhttp.jar:/system/android/framework/bouncycastle.jar:/system/android/framework/apache-xml.jar:/system/android/framework/adapter-mainline-stubs.jar:/system/android/framework/framework.jar:/system/android/framework/oh-adapter-framework.jar
appspawn-x I 01-01 10:21:00  3693  3693 parsed_options.cc:646] option[2]=-Ximage:/system/android/framework/boot.art
appspawn-x I 01-01 10:21:00  3693  3693 parsed_options.cc:646] option[3]=-verbose:startup
appspawn-x I 01-01 10:21:00  3693  3693 parsed_options.cc:646] option[4]=-Xusejit:false
appspawn-x I 01-01 10:21:00  3693  3693 parsed_options.cc:691] setting boot class path to /system/android/framework/core-oj.jar:/system/android/framework/core-libart.jar:/system/android/framework/core-icu4j.jar:/system/android/framework/okhttp.jar:/system/android/framework/bouncycastle.jar:/system/android/framework/apache-xml.jar:/system/android/framework/adapter-mainline-stubs.jar:/system/android/framework/framework.jar:/system/android/framework/oh-adapter-framework.jar
appspawn-x I 01-01 10:21:00  3693  3693 flags.h:110] Dumping flags for Init
appspawn-x I 01-01 10:21:00  3693  3693 flags.h:111] 
appspawn-x I 01-01 10:21:00  3693  3693 flags.h:111] {
appspawn-x I 01-01 10:21:00  3693  3693 flags.h:111] value: text (from default_value)
appspawn-x I 01-01 10:21:00  3693  3693 flags.h:111]  default: text
appspawn-x I 01-01 10:21:00  3693  3693 flags.h:111]  -Xmetrics-format:_: 
appspawn-x I 01-01 10:21:00  3693  3693 flags.h:111]  dalvik.vm.metrics.format: 
appspawn-x I 01-01 10:21:00  3693  3693 flags.h:111]  persist.device_config.runtime_native.metrics.format: 
appspawn-x I 01-01 10:21:00  3693  3693 flags.h:111] }
appspawn-x I 01-01 10:21:00  3693  3693 flags.h:111] {
appspawn-x I 01-01 10:21:00  3693  3693 flags.h:111] value:  (from default_value)
appspawn-x I 01-01 10:21:00  3693  3693 flags.h:111]  default: 
appspawn-x I 01-01 10:21:00  3693  3693 flags.h:111]  -Xmetrics-write-to-file:_: 
appspawn-x I 01-01 10:21:00  3693  3693 flags.h:111]  dalvik.vm.metrics.write-to-file: 
appspawn-x I 01-01 10:21:00  3693  3693 flags.h:111]  persist.device_config.runtime_native.metrics.write-to-file: 
appspawn-x I 01-01 10:21:00  3693  3693 flags.h:111] }
appspawn-x I 01-01 10:21:00  3693  3693 flags.h:111] {
appspawn-x I 01-01 10:21:00  3693  3693 flags.h:111] value: 0 (from default_value)
appspawn-x I 01-01 10:21:00  3693  3693 flags.h:111]  default: 0
appspawn-x I 01-01 10:21:00  3693  3693 flags.h:111]  -Xmetrics-write-to-logcat:_: 
appspawn-x I 01-01 10:21:00  3693  3693 flags.h:111]  dalvik.vm.metrics.write-to-logcat: 
appspawn-x I 01-01 10:21:00  3693  3693 flags.h:111]  persist.device_config.runtime_native.metrics.write-to-logcat: 
appspawn-x I 01-01 10:21:00  3693  3693 flags.h:111] }
appspawn-x I 01-01 10:21:00  3693  3693 flags.h:111] {
appspawn-x I 01-01 10:21:00  3693  3693 flags.h:111] value: 1 (from default_value)
appspawn-x I 01-01 10:21:00  3693  3693 flags.h:111]  default: 1
appspawn-x I 01-01 10:21:00  3693  3693 flags.h:111]  -Xmetrics-write-to-statsd:_: 
appspawn-x I 01-01 10:21:00  3693  3693 flags.h:111]  dalvik.vm.metrics.write-to-statsd: 
appspawn-x I 01-01 10:21:00  3693  3693 flags.h:111]  persist.device_config.runtime_native.metrics.write-to-statsd: 
appspawn-x I 01-01 10:21:00  3693  3693 flags.h:111] }
appspawn-x I 01-01 10:21:00  3693  3693 flags.h:111] {
appspawn-x I 01-01 10:21:00  3693  3693 flags.h:111] value: 100 (from default_value)
appspawn-x I 01-01 10:21:00  3693  3693 flags.h:111]  default: 100
appspawn-x I 01-01 10:21:00  3693  3693 flags.h:111]  -Xmetrics-reporting-num-mods-server:_: 
appspawn-x I 01-01 10:21:00  3693  3693 flags.h:111]  dalvik.vm.metrics.reporting-num-mods-server: 
appspawn-x I 01-01 10:21:00  3693  3693 flags.h:111]  persist.device_config.runtime_native.metrics.reporting-num-mods-server: 
appspawn-x I 01-01 10:21:00  3693  3693 flags.h:111] }
appspawn-x I 01-01 10:21:00  3693  3693 flags.h:111] {
appspawn-x I 01-01 10:21:00  3693  3693 flags.h:111] value: 100 (from default_value)
appspawn-x I 01-01 10:21:00  3693  3693 flags.h:111]  default: 100
appspawn-x I 01-01 10:21:00  3693  3693 flags.h:111]  -Xmetrics-reporting-num-mods:_: 
appspawn-x I 01-01 10:21:00  3693  3693 flags.h:111]  dalvik.vm.metrics.reporting-num-mods: 
appspawn-x I 01-01 10:21:00  3693  3693 flags.h:111]  persist.device_config.runtime_native.metrics.reporting-num-mods: 
appspawn-x I 01-01 10:21:00  3693  3693 flags.h:111] }
appspawn-x I 01-01 10:21:00  3693  3693 flags.h:111] {
appspawn-x I 01-01 10:21:00  3693  3693 flags.h:111] value: 2 (from default_value)
appspawn-x I 01-01 10:21:00  3693  3693 flags.h:111]  default: 2
appspawn-x I 01-01 10:21:00  3693  3693 flags.h:111]  -Xmetrics-reporting-mods-server:_: 
appspawn-x I 01-01 10:21:00  3693  3693 flags.h:111]  dalvik.vm.metrics.reporting-mods-server: 
appspawn-x I 01-01 10:21:00  3693  3693 flags.h:111]  persist.device_config.runtime_native.metrics.reporting-mods-server: 
appspawn-x I 01-01 10:21:00  3693  3693 flags.h:111] }
appspawn-x I 01-01 10:21:00  3693  3693 flags.h:111] {
appspawn-x I 01-01 10:21:00  3693  3693 flags.h:111] value: 2 (from default_value)
appspawn-x I 01-01 10:21:00  3693  3693 flags.h:111]  default: 2
appspawn-x I 01-01 10:21:00  3693  3693 flags.h:111]  -Xmetrics-reporting-mods:_: 
appspawn-x I 01-01 10:21:00  3693  3693 flags.h:111]  dalvik.vm.metrics.reporting-mods: 
appspawn-x I 01-01 10:21:00  3693  3693 flags.h:111]  persist.device_config.runtime_native.metrics.reporting-mods: 
appspawn-x I 01-01 10:21:00  3693  3693 flags.h:111] }
appspawn-x I 01-01 10:21:00  3693  3693 flags.h:111] {
appspawn-x I 01-01 10:21:00  3693  3693 flags.h:111] value: 1,10,60,3600,* (from default_value)
appspawn-x I 01-01 10:21:00  3693  3693 flags.h:111]  default: 1,10,60,3600,*
appspawn-x I 01-01 10:21:00  3693  3693 flags.h:111]  -Xmetrics-reporting-spec-server:_: 
appspawn-x I 01-01 10:21:00  3693  3693 flags.h:111]  dalvik.vm.metrics.reporting-spec-server: 
appspawn-x I 01-01 10:21:00  3693  3693 flags.h:111]  persist.device_config.runtime_native.metrics.reporting-spec-server: 
appspawn-x I 01-01 10:21:00  3693  3693 flags.h:111] }
appspawn-x I 01-01 10:21:00  3693  3693 flags.h:111] {
appspawn-x I 01-01 10:21:00  3693  3693 flags.h:111] value: 1,5,30,60,600 (from default_value)
appspawn-x I 01-01 10:21:00  3693  3693 flags.h:111]  default: 1,5,30,60,600
appspawn-x I 01-01 10:21:00  3693  3693 flags.h:111]  -Xmetrics-reporting-spec:_: 
appspawn-x I 01-01 10:21:00  3693  3693 flags.h:111]  dalvik.vm.metrics.reporting-spec: 
appspawn-x I 01-01 10:21:00  3693  3693 flags.h:111]  persist.device_config.runtime_native.metrics.reporting-spec: 
appspawn-x I 01-01 10:21:00  3693  3693 flags.h:111] }
appspawn-x I 01-01 10:21:00  3693  3693 flags.h:111] {
appspawn-x I 01-01 10:21:00  3693  3693 flags.h:111] value: 42 (from default_value)
appspawn-x I 01-01 10:21:00  3693  3693 flags.h:111]  default: 42
appspawn-x I 01-01 10:21:00  3693  3693 flags.h:111]  -Xmy-feature-test-flag:_: 
appspawn-x I 01-01 10:21:00  3693  3693 flags.h:111]  dalvik.vm.my-feature-test.flag: 
appspawn-x I 01-01 10:21:00  3693  3693 flags.h:111]  persist.device_config.runtime_native.my-feature-test.flag: 
appspawn-x I 01-01 10:21:00  3693  3693 flags.h:111] }
appspawn-x I 01-01 10:21:00  3693  3693 runtime.cc:1470] Runtime::Init -verbose:startup enabled
appspawn-x I 01-01 10:21:00  3693  3693 heap.cc:420] Heap() entering
appspawn-x I 01-01 10:21:00  3693  3693 heap.cc:423] Using  GC.
[HEAP_CP] 01_after_using_gc
[HEAP_CP] 02_before_uffd_check
[HEAP_CP] 03_before_readbarrier_check
[HEAP_CP] 04_before_verification
[HEAP_CP] 05_after_verification
[HEAP_CP] 06_before_change_collector
[HEAP_CP] 07_after_change_collector
[HEAP_CP] 08_before_live_bitmap
[HEAP_CP] 09_after_mark_bitmap
[HEAP_CP] 10_before_load_boot_image
[LBI_CP] A_entry
[LBI_CP] B_after_empty_check
[LBI_CP] C_after_loader_ctor
[LBI_CP] D_after_find_image_files
[LBI_CP] E_before_load_from_system
[LBI2_CP] H_BIL_loadfromsys_enter
[LBI2_CP] I_after_layout_ctor
[LAY_CP] P_load_entry
[LAY_CP] R_verify_ok
[LAY_CP] T_match_ok
[LAY_CP] U_before_readheader
[LAY_CP] V_fn_ret=1 fname=/system/android/framework/arm64/boot.art
[RH_CP] A_entry
[RH_CP] B_after_expand
[RH_CP] B_actual_fname=/system/android/framework/arm64/boot.art
[RH_CP] C_after_open_file
[RH_CP] D_before_read_specific
[RH_CP] F_read_specific_ok
[RH_CP] G_before_validate
[RH_CP] I_validate_ok
[RH_CP] J_before_validate_oat_loop
[RH_CP] J_isc=9 comp=9
[RH_CP] K_validate_oat_enter
[RH_CP] K_i=0
[VOF_CP] A_entry
[VOF_CP] B_before_open_path
[VOF_CP] B_oat_fname=/system/android/framework/arm64/boot.oat
[OAT_CP] A_open_entry
[OAT_CP] B_after_checkloc
[OAT_CP] C_after_vdex_fname
[OAT_CP] D_before_FileExists
[OAT_CP] D_vdex_fname=/system/android/framework/arm64/boot.vdex exists=1
[OAT_CP] F_vdex_exists
[OAT_CP] G_before_dlopen
[V1_CP] A_v1_entry
[V1_CP] B_v1_after_new
[V1_CP] C_v1_after_preload
[V1_CP] D_v1_load_failed
[V1_CP] D_v1_load_failed_err=DlOpen does not support non-executable loading.
[OAT_CP] H_dlopen_returned=0
[OAT_CP] J_dlopen_null
[OAT_CP] K_before_elfoat
[V1_CP] A_v1_entry
[V1_CP] B_v1_after_new
[V1_CP] C_v1_after_preload
[ELF_CP] A_load_entry
[ELF_CP] A_fname=/system/android/framework/arm64/boot.oat exec=0
[ELF_CP] B_after_open_file
[ELF_CP] D_before_elffileopen
[ELF_CP] F_elffileopen_entry
[EF_CP] A_entry
[EF_CP] A_path=/system/android/framework/arm64/boot.oat len=10508096
[EF_CP] C_before_mmap
[EF_CP] D_after_mmap
[EF_CP] D_map_valid=1 size=16 err=DlOpen does not support non-executable loading.
[EF_CP] F_after_header
[EF_CP] F_eiclass=0x02
[ELF_CP] G_after_elffile_open
[ELF_CP] G_elf_file_ptr=0x7fbcbc8630
[ELF_CP] I_before_elf_load
[ELF_CP] J_after_elf_load
[ELF_CP] J_loaded=1
[ELF_CP] E_elffileopen_rc=1
[V1_CP] E_v1_after_load
[V1_CP] G_v1_after_compute
[V1_CP] H_v1_after_presetup
[V1_CP] J_v1_after_loadvdex
[V1_CP] L_v1_after_setup
[VOF_CP] C_after_open
[VOF_CP] C_oat_file=0x7fbcd49e40 err=Allocation failed
[VOF_CP] D_before_validate
[VOF_IN] apex_ok
[VOF_IN] loop_iter 0 dex=/system/android/framework/core-oj.jar
[VOF_CP] F_validate_ok
[RH_CP] M_validate_oat_ok_iter
[RH_CP] K_validate_oat_enter
[RH_CP] K_i=1
[VOF_CP] A_entry
[VOF_CP] B_before_open_path
[VOF_CP] B_oat_fname=/system/android/framework/arm64/boot-core-libart.oat
[OAT_CP] A_open_entry
[OAT_CP] B_after_checkloc
[OAT_CP] C_after_vdex_fname
[OAT_CP] D_before_FileExists
[OAT_CP] D_vdex_fname=/system/android/framework/arm64/boot-core-libart.vdex exists=1
[OAT_CP] F_vdex_exists
[OAT_CP] G_before_dlopen
[V1_CP] A_v1_entry
[V1_CP] B_v1_after_new
[V1_CP] C_v1_after_preload
[V1_CP] D_v1_load_failed
[V1_CP] D_v1_load_failed_err=DlOpen does not support non-executable loading.
[OAT_CP] H_dlopen_returned=0
[OAT_CP] J_dlopen_null
[OAT_CP] K_before_elfoat
[V1_CP] A_v1_entry
[V1_CP] B_v1_after_new
[V1_CP] C_v1_after_preload
[ELF_CP] A_load_entry
[ELF_CP] A_fname=/system/android/framework/arm64/boot-core-libart.oat exec=0
[ELF_CP] B_after_open_file
[ELF_CP] D_before_elffileopen
[ELF_CP] F_elffileopen_entry
[EF_CP] A_entry
[EF_CP] A_path=/system/android/framework/arm64/boot-core-libart.oat len=791976
[EF_CP] C_before_mmap
[EF_CP] D_after_mmap
[EF_CP] D_map_valid=1 size=16 err=DlOpen does not support non-executable loading.
[EF_CP] F_after_header
[EF_CP] F_eiclass=0x02
[ELF_CP] G_after_elffile_open
[ELF_CP] G_elf_file_ptr=0x7fbcbc8570
[ELF_CP] I_before_elf_load
[ELF_CP] J_after_elf_load
[ELF_CP] J_loaded=1
[ELF_CP] E_elffileopen_rc=1
[V1_CP] E_v1_after_load
[V1_CP] G_v1_after_compute
[V1_CP] H_v1_after_presetup
[V1_CP] J_v1_after_loadvdex
[V1_CP] L_v1_after_setup
[VOF_CP] C_after_open
[VOF_CP] C_oat_file=0x7fbcd49b20 err=Allocation failed
[VOF_CP] D_before_validate
[VOF_IN] apex_ok
[VOF_IN] loop_iter 0 dex=/system/android/framework/core-libart.jar
[VOF_CP] F_validate_ok
[RH_CP] M_validate_oat_ok_iter
[RH_CP] K_validate_oat_enter
[RH_CP] K_i=2
[VOF_CP] A_entry
[VOF_CP] B_before_open_path
[VOF_CP] B_oat_fname=/system/android/framework/arm64/boot-core-icu4j.oat
[OAT_CP] A_open_entry
[OAT_CP] B_after_checkloc
[OAT_CP] C_after_vdex_fname
[OAT_CP] D_before_FileExists
[OAT_CP] D_vdex_fname=/system/android/framework/arm64/boot-core-icu4j.vdex exists=1
[OAT_CP] F_vdex_exists
[OAT_CP] G_before_dlopen
[V1_CP] A_v1_entry
[V1_CP] B_v1_after_new
[V1_CP] C_v1_after_preload
[V1_CP] D_v1_load_failed
[V1_CP] D_v1_load_failed_err=DlOpen does not support non-executable loading.
[OAT_CP] H_dlopen_returned=0
[OAT_CP] J_dlopen_null
[OAT_CP] K_before_elfoat
[V1_CP] A_v1_entry
[V1_CP] B_v1_after_new
[V1_CP] C_v1_after_preload
[ELF_CP] A_load_entry
[ELF_CP] A_fname=/system/android/framework/arm64/boot-core-icu4j.oat exec=0
[ELF_CP] B_after_open_file
[ELF_CP] D_before_elffileopen
[ELF_CP] F_elffileopen_entry
[EF_CP] A_entry
[EF_CP] A_path=/system/android/framework/arm64/boot-core-icu4j.oat len=4643360
[EF_CP] C_before_mmap
[EF_CP] D_after_mmap
[EF_CP] D_map_valid=1 size=16 err=DlOpen does not support non-executable loading.
[EF_CP] F_after_header
[EF_CP] F_eiclass=0x02
[ELF_CP] G_after_elffile_open
[ELF_CP] G_elf_file_ptr=0x7fbcbc85b0
[ELF_CP] I_before_elf_load
[ELF_CP] J_after_elf_load
[ELF_CP] J_loaded=1
[ELF_CP] E_elffileopen_rc=1
[V1_CP] E_v1_after_load
[V1_CP] G_v1_after_compute
[V1_CP] H_v1_after_presetup
[V1_CP] J_v1_after_loadvdex
[V1_CP] L_v1_after_setup
[VOF_CP] C_after_open
[VOF_CP] C_oat_file=0x7fbcd49990 err=DlOpen does not support non-executable loading.
[VOF_CP] D_before_validate
[VOF_IN] apex_ok
[VOF_IN] loop_iter 0 dex=/system/android/framework/core-icu4j.jar
[VOF_CP] F_validate_ok
[RH_CP] M_validate_oat_ok_iter
[RH_CP] K_validate_oat_enter
[RH_CP] K_i=3
[VOF_CP] A_entry
[VOF_CP] B_before_open_path
[VOF_CP] B_oat_fname=/system/android/framework/arm64/boot-okhttp.oat
[OAT_CP] A_open_entry
[OAT_CP] B_after_checkloc
[OAT_CP] C_after_vdex_fname
[OAT_CP] D_before_FileExists
[OAT_CP] D_vdex_fname=/system/android/framework/arm64/boot-okhttp.vdex exists=1
[OAT_CP] F_vdex_exists
[OAT_CP] G_before_dlopen
[V1_CP] A_v1_entry
[V1_CP] B_v1_after_new
[V1_CP] C_v1_after_preload
[V1_CP] D_v1_load_failed
[V1_CP] D_v1_load_failed_err=DlOpen does not support non-executable loading.
[OAT_CP] H_dlopen_returned=0
[OAT_CP] J_dlopen_null
[OAT_CP] K_before_elfoat
[V1_CP] A_v1_entry
[V1_CP] B_v1_after_new
[V1_CP] C_v1_after_preload
[ELF_CP] A_load_entry
[ELF_CP] A_fname=/system/android/framework/arm64/boot-okhttp.oat exec=0
[ELF_CP] B_after_open_file
[ELF_CP] D_before_elffileopen
[ELF_CP] F_elffileopen_entry
[EF_CP] A_entry
[EF_CP] A_path=/system/android/framework/arm64/boot-okhttp.oat len=755168
[EF_CP] C_before_mmap
[EF_CP] D_after_mmap
[EF_CP] D_map_valid=1 size=16 err=DlOpen does not support non-executable loading.
[EF_CP] F_after_header
[EF_CP] F_eiclass=0x02
[ELF_CP] G_after_elffile_open
[ELF_CP] G_elf_file_ptr=0x7fbcbc8410
[ELF_CP] I_before_elf_load
[ELF_CP] J_after_elf_load
[ELF_CP] J_loaded=1
[ELF_CP] E_elffileopen_rc=1
[V1_CP] E_v1_after_load
[V1_CP] G_v1_after_compute
[V1_CP] H_v1_after_presetup
[V1_CP] J_v1_after_loadvdex
[V1_CP] L_v1_after_setup
[VOF_CP] C_after_open
[VOF_CP] C_oat_file=0x7fbcd49e30 err=Allocation failed
[VOF_CP] D_before_validate
[VOF_IN] apex_ok
[VOF_IN] loop_iter 0 dex=/system/android/framework/okhttp.jar
[VOF_CP] F_validate_ok
[RH_CP] M_validate_oat_ok_iter
[RH_CP] K_validate_oat_enter
[RH_CP] K_i=4
[VOF_CP] A_entry
[VOF_CP] B_before_open_path
[VOF_CP] B_oat_fname=/system/android/framework/arm64/boot-bouncycastle.oat
[OAT_CP] A_open_entry
[OAT_CP] B_after_checkloc
[OAT_CP] C_after_vdex_fname
[OAT_CP] D_before_FileExists
[OAT_CP] D_vdex_fname=/system/android/framework/arm64/boot-bouncycastle.vdex exists=1
[OAT_CP] F_vdex_exists
[OAT_CP] G_before_dlopen
[V1_CP] A_v1_entry
[V1_CP] B_v1_after_new
[V1_CP] C_v1_after_preload
[V1_CP] D_v1_load_failed
[V1_CP] D_v1_load_failed_err=DlOpen does not support non-executable loading.
[OAT_CP] H_dlopen_returned=0
[OAT_CP] J_dlopen_null
[OAT_CP] K_before_elfoat
[V1_CP] A_v1_entry
[V1_CP] B_v1_after_new
[V1_CP] C_v1_after_preload
[ELF_CP] A_load_entry
[ELF_CP] A_fname=/system/android/framework/arm64/boot-bouncycastle.oat exec=0
[ELF_CP] B_after_open_file
[ELF_CP] D_before_elffileopen
[ELF_CP] F_elffileopen_entry
[EF_CP] A_entry
[EF_CP] A_path=/system/android/framework/arm64/boot-bouncycastle.oat len=2648448
[EF_CP] C_before_mmap
[EF_CP] D_after_mmap
[EF_CP] D_map_valid=1 size=16 err=DlOpen does not support non-executable loading.
[EF_CP] F_after_header
[EF_CP] F_eiclass=0x02
[ELF_CP] G_after_elffile_open
[ELF_CP] G_elf_file_ptr=0x7fbcbc8690
[ELF_CP] I_before_elf_load
[ELF_CP] J_after_elf_load
[ELF_CP] J_loaded=1
[ELF_CP] E_elffileopen_rc=1
[V1_CP] E_v1_after_load
[V1_CP] G_v1_after_compute
[V1_CP] H_v1_after_presetup
[V1_CP] J_v1_after_loadvdex
[V1_CP] L_v1_after_setup
[VOF_CP] C_after_open
[VOF_CP] C_oat_file=0x7fbcd49b10 err=Allocation failed
[VOF_CP] D_before_validate
[VOF_IN] apex_ok
[VOF_IN] loop_iter 0 dex=/system/android/framework/bouncycastle.jar
[VOF_CP] F_validate_ok
[RH_CP] M_validate_oat_ok_iter
[RH_CP] K_validate_oat_enter
[RH_CP] K_i=5
[VOF_CP] A_entry
[VOF_CP] B_before_open_path
[VOF_CP] B_oat_fname=/system/android/framework/arm64/boot-apache-xml.oat
[OAT_CP] A_open_entry
[OAT_CP] B_after_checkloc
[OAT_CP] C_after_vdex_fname
[OAT_CP] D_before_FileExists
[OAT_CP] D_vdex_fname=/system/android/framework/arm64/boot-apache-xml.vdex exists=1
[OAT_CP] F_vdex_exists
[OAT_CP] G_before_dlopen
[V1_CP] A_v1_entry
[V1_CP] B_v1_after_new
[V1_CP] C_v1_after_preload
[V1_CP] D_v1_load_failed
[V1_CP] D_v1_load_failed_err=DlOpen does not support non-executable loading.
[OAT_CP] H_dlopen_returned=0
[OAT_CP] J_dlopen_null
[OAT_CP] K_before_elfoat
[V1_CP] A_v1_entry
[V1_CP] B_v1_after_new
[V1_CP] C_v1_after_preload
[ELF_CP] A_load_entry
[ELF_CP] A_fname=/system/android/framework/arm64/boot-apache-xml.oat exec=0
[ELF_CP] B_after_open_file
[ELF_CP] D_before_elffileopen
[ELF_CP] F_elffileopen_entry
[EF_CP] A_entry
[EF_CP] A_path=/system/android/framework/arm64/boot-apache-xml.oat len=1696144
[EF_CP] C_before_mmap
[EF_CP] D_after_mmap
[EF_CP] D_map_valid=1 size=16 err=DlOpen does not support non-executable loading.
[EF_CP] F_after_header
[EF_CP] F_eiclass=0x02
[ELF_CP] G_after_elffile_open
[ELF_CP] G_elf_file_ptr=0x7fbcbc8650
[ELF_CP] I_before_elf_load
[ELF_CP] J_after_elf_load
[ELF_CP] J_loaded=1
[ELF_CP] E_elffileopen_rc=1
[V1_CP] E_v1_after_load
[V1_CP] G_v1_after_compute
[V1_CP] H_v1_after_presetup
[V1_CP] J_v1_after_loadvdex
[V1_CP] L_v1_after_setup
[VOF_CP] C_after_open
[VOF_CP] C_oat_file=0x7fbcd49980 err=Allocation failed
[VOF_CP] D_before_validate
[VOF_IN] apex_ok
[VOF_IN] loop_iter 0 dex=/system/android/framework/apache-xml.jar
[VOF_CP] F_validate_ok
[RH_CP] M_validate_oat_ok_iter
[RH_CP] K_validate_oat_enter
[RH_CP] K_i=6
[VOF_CP] A_entry
[VOF_CP] B_before_open_path
[VOF_CP] B_oat_fname=/system/android/framework/arm64/boot-adapter-mainline-stubs.oat
[OAT_CP] A_open_entry
[OAT_CP] B_after_checkloc
[OAT_CP] C_after_vdex_fname
[OAT_CP] D_before_FileExists
[OAT_CP] D_vdex_fname=/system/android/framework/arm64/boot-adapter-mainline-stubs.vdex exists=1
[OAT_CP] F_vdex_exists
[OAT_CP] G_before_dlopen
[V1_CP] A_v1_entry
[V1_CP] B_v1_after_new
[V1_CP] C_v1_after_preload
[V1_CP] D_v1_load_failed
[V1_CP] D_v1_load_failed_err=DlOpen does not support non-executable loading.
[OAT_CP] H_dlopen_returned=0
[OAT_CP] J_dlopen_null
[OAT_CP] K_before_elfoat
[V1_CP] A_v1_entry
[V1_CP] B_v1_after_new
[V1_CP] C_v1_after_preload
[ELF_CP] A_load_entry
[ELF_CP] A_fname=/system/android/framework/arm64/boot-adapter-mainline-stubs.oat exec=0
[ELF_CP] B_after_open_file
[ELF_CP] D_before_elffileopen
[ELF_CP] F_elffileopen_entry
[EF_CP] A_entry
[EF_CP] A_path=/system/android/framework/arm64/boot-adapter-mainline-stubs.oat len=47824
[EF_CP] C_before_mmap
[EF_CP] D_after_mmap
[EF_CP] D_map_valid=1 size=16 err=DlOpen does not support non-executable loading.
[EF_CP] F_after_header
[EF_CP] F_eiclass=0x02
[ELF_CP] G_after_elffile_open
[ELF_CP] G_elf_file_ptr=0x7fbcbc85f0
[ELF_CP] I_before_elf_load
[ELF_CP] J_after_elf_load
[ELF_CP] J_loaded=1
[ELF_CP] E_elffileopen_rc=1
[V1_CP] E_v1_after_load
[V1_CP] G_v1_after_compute
[V1_CP] H_v1_after_presetup
[V1_CP] J_v1_after_loadvdex
[V1_CP] L_v1_after_setup
[VOF_CP] C_after_open
[VOF_CP] C_oat_file=0x7fbcd49e50 err=DlOpen does not support non-executable loading.
[VOF_CP] D_before_validate
[VOF_IN] apex_ok
[VOF_IN] loop_iter 0 dex=/system/android/framework/adapter-mainline-stubs.jar
[VOF_CP] F_validate_ok
[RH_CP] M_validate_oat_ok_iter
[RH_CP] K_validate_oat_enter
[RH_CP] K_i=7
[VOF_CP] A_entry
[VOF_CP] B_before_open_path
[VOF_CP] B_oat_fname=/system/android/framework/arm64/boot-framework.oat
[OAT_CP] A_open_entry
[OAT_CP] B_after_checkloc
[OAT_CP] C_after_vdex_fname
[OAT_CP] D_before_FileExists
[OAT_CP] D_vdex_fname=/system/android/framework/arm64/boot-framework.vdex exists=1
[OAT_CP] F_vdex_exists
[OAT_CP] G_before_dlopen
[V1_CP] A_v1_entry
[V1_CP] B_v1_after_new
[V1_CP] C_v1_after_preload
[V1_CP] D_v1_load_failed
[V1_CP] D_v1_load_failed_err=DlOpen does not support non-executable loading.
[OAT_CP] H_dlopen_returned=0
[OAT_CP] J_dlopen_null
[OAT_CP] K_before_elfoat
[V1_CP] A_v1_entry
[V1_CP] B_v1_after_new
[V1_CP] C_v1_after_preload
[ELF_CP] A_load_entry
[ELF_CP] A_fname=/system/android/framework/arm64/boot-framework.oat exec=0
[ELF_CP] B_after_open_file
[ELF_CP] D_before_elffileopen
[ELF_CP] F_elffileopen_entry
[EF_CP] A_entry
[EF_CP] A_path=/system/android/framework/arm64/boot-framework.oat len=59970440
[EF_CP] C_before_mmap
[EF_CP] D_after_mmap
[EF_CP] D_map_valid=1 size=16 err=DlOpen does not support non-executable loading.
[EF_CP] F_after_header
[EF_CP] F_eiclass=0x02
[ELF_CP] G_after_elffile_open
[ELF_CP] G_elf_file_ptr=0x7fbcbc8410
[ELF_CP] I_before_elf_load
[ELF_CP] J_after_elf_load
[ELF_CP] J_loaded=1
[ELF_CP] E_elffileopen_rc=1
[V1_CP] E_v1_after_load
[V1_CP] G_v1_after_compute
[V1_CP] H_v1_after_presetup
[V1_CP] J_v1_after_loadvdex
[V1_CP] L_v1_after_setup
[VOF_CP] C_after_open
[VOF_CP] C_oat_file=0x7fbcd49b30 err=DlOpen does not support non-executable loading.
[VOF_CP] D_before_validate
[VOF_IN] apex_ok
[VOF_IN] loop_iter 0 dex=/system/android/framework/framework.jar
[VOF_CP] F_validate_ok
[RH_CP] M_validate_oat_ok_iter
[RH_CP] K_validate_oat_enter
[RH_CP] K_i=8
[VOF_CP] A_entry
[VOF_CP] B_before_open_path
[VOF_CP] B_oat_fname=/system/android/framework/arm64/boot-oh-adapter-framework.oat
[OAT_CP] A_open_entry
[OAT_CP] B_after_checkloc
[OAT_CP] C_after_vdex_fname
[OAT_CP] D_before_FileExists
[OAT_CP] D_vdex_fname=/system/android/framework/arm64/boot-oh-adapter-framework.vdex exists=1
[OAT_CP] F_vdex_exists
[OAT_CP] G_before_dlopen
[V1_CP] A_v1_entry
[V1_CP] B_v1_after_new
[V1_CP] C_v1_after_preload
[V1_CP] D_v1_load_failed
[V1_CP] D_v1_load_failed_err=DlOpen does not support non-executable loading.
[OAT_CP] H_dlopen_returned=0
[OAT_CP] J_dlopen_null
[OAT_CP] K_before_elfoat
[V1_CP] A_v1_entry
[V1_CP] B_v1_after_new
[V1_CP] C_v1_after_preload
[ELF_CP] A_load_entry
[ELF_CP] A_fname=/system/android/framework/arm64/boot-oh-adapter-framework.oat exec=0
[ELF_CP] B_after_open_file
[ELF_CP] D_before_elffileopen
[ELF_CP] F_elffileopen_entry
[EF_CP] A_entry
[EF_CP] A_path=/system/android/framework/arm64/boot-oh-adapter-framework.oat len=581832
[EF_CP] C_before_mmap
[EF_CP] D_after_mmap
[EF_CP] D_map_valid=1 size=16 err=DlOpen does not support non-executable loading.
[EF_CP] F_after_header
[EF_CP] F_eiclass=0x02
[ELF_CP] G_after_elffile_open
[ELF_CP] G_elf_file_ptr=0x7fbcbc8630
[ELF_CP] I_before_elf_load
[ELF_CP] J_after_elf_load
[ELF_CP] J_loaded=1
[ELF_CP] E_elffileopen_rc=1
[V1_CP] E_v1_after_load
[V1_CP] G_v1_after_compute
[V1_CP] H_v1_after_presetup
[V1_CP] J_v1_after_loadvdex
[V1_CP] L_v1_after_setup
[VOF_CP] C_after_open
[VOF_CP] C_oat_file=0x7fbcd499a0 err=DlOpen does not support non-executable loading.
[VOF_CP] D_before_validate
[VOF_IN] apex_ok
[VOF_IN] loop_iter 0 dex=/system/android/framework/oh-adapter-framework.jar
[VOF_CP] F_validate_ok
[RH_CP] M_validate_oat_ok_iter
[RH_CP] N_after_validate_oat_loop
[LAY_CP] W_rh_ret=1 err=Allocation failed
[LBI2_CP] K_layout_load_ok
[LBI2_CP] L_before_LoadImage
appspawn-x I 01-01 10:21:00  3693  3693 image_space.cc:2854] Using image file /system/android/framework/arm64/boot.art for image location /system/android/framework/boot.art
appspawn-x I 01-01 10:21:00  3693  3693 image_space.cc:722] Dumping image sections
appspawn-x I 01-01 10:21:00  3693  3693 image_space.cc:726]  start=0x70000000 size=2093928 range=0-2093928
appspawn-x I 01-01 10:21:00  3693  3693 image_space.cc:726]  start=0x701ff368 size=218552 range=2093928-2312480
appspawn-x I 01-01 10:21:00  3693  3693 image_space.cc:726]  start=0x70234920 size=1275136 range=2312480-3587616
appspawn-x I 01-01 10:21:00  3693  3693 image_space.cc:726]  start=0x70436fb8 size=104928 range=4419512-4524440
appspawn-x I 01-01 10:21:00  3693  3693 image_space.cc:726]  start=0x7036be20 size=655320 range=3587616-4242936
appspawn-x I 01-01 10:21:00  3693  3693 image_space.cc:726]  start=0x7040bdf8 size=176576 range=4242936-4419512
appspawn-x I 01-01 10:21:00  3693  3693 image_space.cc:726]  start=0x70450998 size=60456 range=4524440-4584896
appspawn-x I 01-01 10:21:00  3693  3693 image_space.cc:726]  start=0x7045f5c0 size=28300 range=4584896-4613196
appspawn-x I 01-01 10:21:00  3693  3693 image_space.cc:726]  start=0x7046644c size=0 range=4613196-4613196
appspawn-x I 01-01 10:21:00  3693  3693 image_space.cc:726]  start=0x7046644c size=0 range=4613196-4613196
appspawn-x I 01-01 10:21:00  3693  3693 image_space.cc:726]  start=0x7046644c size=0 range=4613196-4613196
appspawn-x I 01-01 10:21:00  3693  3693 image_space.cc:726]  start=0x70467000 size=32768 range=4616192-4648960
appspawn-x I 01-01 10:21:00  3693  3693 image_space.cc:2854] Using image file /system/android/framework/arm64/boot-core-libart.art for image location /system/android/framework/boot-core-libart.art
appspawn-x I 01-01 10:21:00  3693  3693 image_space.cc:722] Dumping image sections
appspawn-x I 01-01 10:21:00  3693  3693 image_space.cc:726]  start=0x70467000 size=193736 range=0-193736
appspawn-x I 01-01 10:21:00  3693  3693 image_space.cc:726]  start=0x704964c8 size=32888 range=193736-226624
appspawn-x I 01-01 10:21:00  3693  3693 image_space.cc:726]  start=0x7049e540 size=136296 range=226624-362920
appspawn-x I 01-01 10:21:00  3693  3693 image_space.cc:726]  start=0x704ccc68 size=9952 range=416872-426824
appspawn-x I 01-01 10:21:00  3693  3693 image_space.cc:726]  start=0x704bf9a8 size=34400 range=362920-397320
appspawn-x I 01-01 10:21:00  3693  3693 image_space.cc:726]  start=0x704c8008 size=19552 range=397320-416872
appspawn-x I 01-01 10:21:00  3693  3693 image_space.cc:726]  start=0x704cf348 size=5948 range=426824-432772
appspawn-x I 01-01 10:21:00  3693  3693 image_space.cc:726]  start=0x704d0a88 size=3220 range=432776-435996
appspawn-x I 01-01 10:21:00  3693  3693 image_space.cc:726]  start=0x704d171c size=0 range=435996-435996
appspawn-x I 01-01 10:21:00  3693  3693 image_space.cc:726]  start=0x704d171c size=0 range=435996-435996
appspawn-x I 01-01 10:21:00  3693  3693 image_space.cc:726]  start=0x704d171c size=0 range=435996-435996
appspawn-x I 01-01 10:21:00  3693  3693 image_space.cc:726]  start=0x704d2000 size=4096 range=438272-442368
appspawn-x I 01-01 10:21:00  3693  3693 image_space.cc:2854] Using image file /system/android/framework/arm64/boot-core-icu4j.art for image location /system/android/framework/boot-core-icu4j.art
appspawn-x I 01-01 10:21:00  3693  3693 image_space.cc:722] Dumping image sections
appspawn-x I 01-01 10:21:00  3693  3693 image_space.cc:726]  start=0x704d2000 size=900200 range=0-900200
appspawn-x I 01-01 10:21:00  3693  3693 image_space.cc:726]  start=0x705adc68 size=169668 range=900200-1069868
appspawn-x I 01-01 10:21:00  3693  3693 image_space.cc:726]  start=0x705d7330 size=469840 range=1069872-1539712
appspawn-x I 01-01 10:21:00  3693  3693 image_space.cc:726]  start=0x70673d10 size=2016 range=1711376-1713392
appspawn-x I 01-01 10:21:00  3693  3693 image_space.cc:726]  start=0x70649e80 size=168560 range=1539712-1708272
appspawn-x I 01-01 10:21:00  3693  3693 image_space.cc:726]  start=0x706730f0 size=3104 range=1708272-1711376
appspawn-x I 01-01 10:21:00  3693  3693 image_space.cc:726]  start=0x706744f0 size=37800 range=1713392-1751192
appspawn-x I 01-01 10:21:00  3693  3693 image_space.cc:726]  start=0x7067d898 size=13476 range=1751192-1764668
appspawn-x I 01-01 10:21:00  3693  3693 image_space.cc:726]  start=0x70680d3c size=0 range=1764668-1764668
appspawn-x I 01-01 10:21:00  3693  3693 image_space.cc:726]  start=0x70680d3c size=0 range=1764668-1764668
appspawn-x I 01-01 10:21:00  3693  3693 image_space.cc:726]  start=0x70680d3c size=0 range=1764668-1764668
appspawn-x I 01-01 10:21:00  3693  3693 image_space.cc:726]  start=0x70681000 size=16384 range=1765376-1781760
appspawn-x I 01-01 10:21:00  3693  3693 image_space.cc:2854] Using image file /system/android/framework/arm64/boot-okhttp.art for image location /system/android/framework/boot-okhttp.art
appspawn-x I 01-01 10:21:00  3693  3693 image_space.cc:722] Dumping image sections
appspawn-x I 01-01 10:21:00  3693  3693 image_space.cc:726]  start=0x70681000 size=139272 range=0-139272
appspawn-x I 01-01 10:21:00  3693  3693 image_space.cc:726]  start=0x706a3008 size=16888 range=139272-156160
appspawn-x I 01-01 10:21:00  3693  3693 image_space.cc:726]  start=0x706a7200 size=79920 range=156160-236080
appspawn-x I 01-01 10:21:00  3693  3693 image_space.cc:726]  start=0x706c2fc8 size=1696 range=270280-271976
appspawn-x I 01-01 10:21:00  3693  3693 image_space.cc:726]  start=0x706baa30 size=31304 range=236080-267384
appspawn-x I 01-01 10:21:00  3693  3693 image_space.cc:726]  start=0x706c2478 size=2896 range=267384-270280
appspawn-x I 01-01 10:21:00  3693  3693 image_space.cc:726]  start=0x706c3668 size=5008 range=271976-276984
appspawn-x I 01-01 10:21:00  3693  3693 image_space.cc:726]  start=0x706c49f8 size=1696 range=276984-278680
appspawn-x I 01-01 10:21:00  3693  3693 image_space.cc:726]  start=0x706c5098 size=0 range=278680-278680
appspawn-x I 01-01 10:21:00  3693  3693 image_space.cc:726]  start=0x706c5098 size=0 range=278680-278680
appspawn-x I 01-01 10:21:00  3693  3693 image_space.cc:726]  start=0x706c5098 size=0 range=278680-278680
appspawn-x I 01-01 10:21:00  3693  3693 image_space.cc:726]  start=0x706c6000 size=4096 range=282624-286720
appspawn-x I 01-01 10:21:00  3693  3693 image_space.cc:2854] Using image file /system/android/framework/arm64/boot-bouncycastle.art for image location /system/android/framework/boot-bouncycastle.art
appspawn-x I 01-01 10:21:00  3693  3693 image_space.cc:722] Dumping image sections
appspawn-x I 01-01 10:21:00  3693  3693 image_space.cc:726]  start=0x706c6000 size=567776 range=0-567776
appspawn-x I 01-01 10:21:00  3693  3693 image_space.cc:726]  start=0x707509e0 size=56984 range=567776-624760
appspawn-x I 01-01 10:21:00  3693  3693 image_space.cc:726]  start=0x7075e878 size=262016 range=624760-886776
appspawn-x I 01-01 10:21:00  3693  3693 image_space.cc:726]  start=0x707c07a8 size=2816 range=1025960-1028776
appspawn-x I 01-01 10:21:00  3693  3693 image_space.cc:726]  start=0x7079e7f8 size=134848 range=886776-1021624
appspawn-x I 01-01 10:21:00  3693  3693 image_space.cc:726]  start=0x707bf6b8 size=4336 range=1021624-1025960
appspawn-x I 01-01 10:21:00  3693  3693 image_space.cc:726]  start=0x707c12a8 size=17080 range=1028776-1045856
appspawn-x I 01-01 10:21:00  3693  3693 image_space.cc:726]  start=0x707c5560 size=8008 range=1045856-1053864
appspawn-x I 01-01 10:21:00  3693  3693 image_space.cc:726]  start=0x707c74a8 size=0 range=1053864-1053864
appspawn-x I 01-01 10:21:00  3693  3693 image_space.cc:726]  start=0x707c74a8 size=0 range=1053864-1053864
appspawn-x I 01-01 10:21:00  3693  3693 image_space.cc:726]  start=0x707c74a8 size=0 range=1053864-1053864
appspawn-x I 01-01 10:21:00  3693  3693 image_space.cc:726]  start=0x707c8000 size=12288 range=1056768-1069056
appspawn-x I 01-01 10:21:00  3693  3693 image_space.cc:2854] Using image file /system/android/framework/arm64/boot-apache-xml.art for image location /system/android/framework/boot-apache-xml.art
appspawn-x I 01-01 10:21:00  3693  3693 image_space.cc:722] Dumping image sections
appspawn-x I 01-01 10:21:00  3693  3693 image_space.cc:726]  start=0x707c8000 size=1082144 range=0-1082144
appspawn-x I 01-01 10:21:00  3693  3693 image_space.cc:726]  start=0x708d0320 size=55532 range=1082144-1137676
appspawn-x I 01-01 10:21:00  3693  3693 image_space.cc:726]  start=0x708ddc10 size=212696 range=1137680-1350376
appspawn-x I 01-01 10:21:00  3693  3693 image_space.cc:726]  start=0x709427c8 size=56480 range=1550280-1606760
appspawn-x I 01-01 10:21:00  3693  3693 image_space.cc:726]  start=0x70911ae8 size=86000 range=1350376-1436376
appspawn-x I 01-01 10:21:00  3693  3693 image_space.cc:726]  start=0x70926ad8 size=113904 range=1436376-1550280
appspawn-x I 01-01 10:21:00  3693  3693 image_space.cc:726]  start=0x70950468 size=19788 range=1606760-1626548
appspawn-x I 01-01 10:21:00  3693  3693 image_space.cc:726]  start=0x709551b8 size=4596 range=1626552-1631148
appspawn-x I 01-01 10:21:00  3693  3693 image_space.cc:726]  start=0x709563ac size=0 range=1631148-1631148
appspawn-x I 01-01 10:21:00  3693  3693 image_space.cc:726]  start=0x709563ac size=0 range=1631148-1631148
appspawn-x I 01-01 10:21:00  3693  3693 image_space.cc:726]  start=0x709563ac size=0 range=1631148-1631148
appspawn-x I 01-01 10:21:00  3693  3693 image_space.cc:726]  start=0x70957000 size=20480 range=1634304-1654784
appspawn-x I 01-01 10:21:00  3693  3693 image_space.cc:2854] Using image file /system/android/framework/arm64/boot-adapter-mainline-stubs.art for image location /system/android/framework/boot-adapter-mainline-stubs.art
appspawn-x I 01-01 10:21:00  3693  3693 image_space.cc:722] Dumping image sections
appspawn-x I 01-01 10:21:00  3693  3693 image_space.cc:726]  start=0x70957000 size=227352 range=0-227352
appspawn-x I 01-01 10:21:00  3693  3693 image_space.cc:726]  start=0x7098e818 size=1976 range=227352-229328
appspawn-x I 01-01 10:21:00  3693  3693 image_space.cc:726]  start=0x7098efd0 size=12424 range=229328-241752
appspawn-x I 01-01 10:21:00  3693  3693 image_space.cc:726]  start=0x70992308 size=0 range=242440-242440
appspawn-x I 01-01 10:21:00  3693  3693 image_space.cc:726]  start=0x70992058 size=688 range=241752-242440
appspawn-x I 01-01 10:21:00  3693  3693 image_space.cc:726]  start=0x70992308 size=0 range=242440-242440
appspawn-x I 01-01 10:21:00  3693  3693 image_space.cc:726]  start=0x70992308 size=12396 range=242440-254836
appspawn-x I 01-01 10:21:00  3693  3693 image_space.cc:726]  start=0x70995378 size=1308 range=254840-256148
appspawn-x I 01-01 10:21:00  3693  3693 image_space.cc:726]  start=0x70995894 size=0 range=256148-256148
appspawn-x I 01-01 10:21:00  3693  3693 image_space.cc:726]  start=0x70995894 size=0 range=256148-256148
appspawn-x I 01-01 10:21:00  3693  3693 image_space.cc:726]  start=0x70995894 size=0 range=256148-256148
appspawn-x I 01-01 10:21:00  3693  3693 image_space.cc:726]  start=0x70996000 size=4096 range=258048-262144
appspawn-x I 01-01 10:21:00  3693  3693 image_space.cc:2854] Using image file /system/android/framework/arm64/boot-framework.art for image location /system/android/framework/boot-framework.art
appspawn-x I 01-01 10:21:00  3693  3693 image_space.cc:722] Dumping image sections
appspawn-x I 01-01 10:21:00  3693  3693 image_space.cc:726]  start=0x70996000 size=15363712 range=0-15363712
appspawn-x I 01-01 10:21:00  3693  3693 image_space.cc:726]  start=0x7183ce80 size=2633404 range=15363712-17997116
appspawn-x I 01-01 10:21:00  3693  3693 image_space.cc:726]  start=0x71abfd40 size=7953016 range=17997120-25950136
appspawn-x I 01-01 10:21:00  3693  3693 image_space.cc:726]  start=0x7272a278 size=332256 range=31015544-31347800
appspawn-x I 01-01 10:21:00  3693  3693 image_space.cc:726]  start=0x722557b8 size=4441040 range=25950136-30391176
appspawn-x I 01-01 10:21:00  3693  3693 image_space.cc:726]  start=0x72691b88 size=624368 range=30391176-31015544
appspawn-x I 01-01 10:21:00  3693  3693 image_space.cc:726]  start=0x7277b458 size=376640 range=31347800-31724440
appspawn-x I 01-01 10:21:00  3693  3693 image_space.cc:726]  start=0x727d7398 size=196828 range=31724440-31921268
appspawn-x I 01-01 10:21:00  3693  3693 image_space.cc:726]  start=0x72807474 size=0 range=31921268-31921268
appspawn-x I 01-01 10:21:00  3693  3693 image_space.cc:726]  start=0x72807474 size=0 range=31921268-31921268
appspawn-x I 01-01 10:21:00  3693  3693 image_space.cc:726]  start=0x72807474 size=0 range=31921268-31921268
appspawn-x I 01-01 10:21:00  3693  3693 image_space.cc:726]  start=0x72808000 size=241664 range=31924224-32165888
appspawn-x I 01-01 10:21:00  3693  3693 image_space.cc:2854] Using image file /system/android/framework/arm64/boot-oh-adapter-framework.art for image location /system/android/framework/boot-oh-adapter-framework.art
appspawn-x I 01-01 10:21:00  3693  3693 image_space.cc:722] Dumping image sections
appspawn-x I 01-01 10:21:00  3693  3693 image_space.cc:726]  start=0x72808000 size=93048 range=0-93048
appspawn-x I 01-01 10:21:00  3693  3693 image_space.cc:726]  start=0x7281eb78 size=3100 range=93048-96148
appspawn-x I 01-01 10:21:00  3693  3693 image_space.cc:726]  start=0x7281f798 size=51696 range=96152-147848
appspawn-x I 01-01 10:21:00  3693  3693 image_space.cc:726]  start=0x72833f58 size=8992 range=180056-189048
appspawn-x I 01-01 10:21:00  3693  3693 image_space.cc:726]  start=0x7282c188 size=10320 range=147848-158168
appspawn-x I 01-01 10:21:00  3693  3693 image_space.cc:726]  start=0x7282e9d8 size=21888 range=158168-180056
appspawn-x I 01-01 10:21:00  3693  3693 image_space.cc:726]  start=0x72836278 size=6996 range=189048-196044
appspawn-x I 01-01 10:21:00  3693  3693 image_space.cc:726]  start=0x72837dd0 size=376 range=196048-196424
appspawn-x I 01-01 10:21:00  3693  3693 image_space.cc:726]  start=0x72837f48 size=0 range=196424-196424
appspawn-x I 01-01 10:21:00  3693  3693 image_space.cc:726]  start=0x72837f48 size=0 range=196424-196424
appspawn-x I 01-01 10:21:00  3693  3693 image_space.cc:726]  start=0x72837f48 size=0 range=196424-196424
appspawn-x I 01-01 10:21:00  3693  3693 image_space.cc:726]  start=0x72838000 size=4096 range=196608-200704
[OAT_CP] A_open_entry
[OAT_CP] B_after_checkloc
[OAT_CP] C_after_vdex_fname
[OAT_CP] D_before_FileExists
[OAT_CP] D_vdex_fname=/system/android/framework/arm64/boot.vdex exists=1
[OAT_CP] F_vdex_exists
[OAT_CP] G_before_dlopen
[V1_CP] A_v1_entry
[V1_CP] B_v1_after_new
[V1_CP] C_v1_after_preload
[V1_CP] D_v1_load_failed
[V1_CP] D_v1_load_failed_err=dlopen() into reserved memory is unsupported on host for '/system/android/framework/arm64/boot.oat'.
[OAT_CP] H_dlopen_returned=0
[OAT_CP] J_dlopen_null
[OAT_CP] K_before_elfoat
[V1_CP] A_v1_entry
[V1_CP] B_v1_after_new
[V1_CP] C_v1_after_preload
[ELF_CP] A_load_entry
[ELF_CP] A_fname=/system/android/framework/arm64/boot.oat exec=1
[ELF_CP] B_after_open_file
[ELF_CP] D_before_elffileopen
[ELF_CP] F_elffileopen_entry
[EF_CP] A_entry
[EF_CP] A_path=/system/android/framework/arm64/boot.oat len=10508096
[EF_CP] C_before_mmap
[EF_CP] D_after_mmap
[EF_CP] D_map_valid=1 size=16 err=dlopen() into reserved memory is unsupported on host for '/system/android/framework/arm64/boot.oat'.
[EF_CP] F_after_header
[EF_CP] F_eiclass=0x02
[ELF_CP] G_after_elffile_open
[ELF_CP] G_elf_file_ptr=0x7fbcbc8510
[ELF_CP] I_before_elf_load
[ELF_CP] J_after_elf_load
[ELF_CP] J_loaded=1
[ELF_CP] E_elffileopen_rc=1
[V1_CP] E_v1_after_load
[V1_CP] G_v1_after_compute
[V1_CP] H_v1_after_presetup
[V1_CP] J_v1_after_loadvdex
[V1_CP] L_v1_after_setup
[OAT_CP] A_open_entry
[OAT_CP] B_after_checkloc
[OAT_CP] C_after_vdex_fname
[OAT_CP] D_before_FileExists
[OAT_CP] D_vdex_fname=/system/android/framework/arm64/boot-core-libart.vdex exists=1
[OAT_CP] F_vdex_exists
[OAT_CP] G_before_dlopen
[V1_CP] A_v1_entry
[V1_CP] B_v1_after_new
[V1_CP] C_v1_after_preload
[V1_CP] D_v1_load_failed
[V1_CP] D_v1_load_failed_err=dlopen() into reserved memory is unsupported on host for '/system/android/framework/arm64/boot-core-libart.oat'.
[OAT_CP] H_dlopen_returned=0
[OAT_CP] J_dlopen_null
[OAT_CP] K_before_elfoat
[V1_CP] A_v1_entry
[V1_CP] B_v1_after_new
[V1_CP] C_v1_after_preload
[ELF_CP] A_load_entry
[ELF_CP] A_fname=/system/android/framework/arm64/boot-core-libart.oat exec=1
[ELF_CP] B_after_open_file
[ELF_CP] D_before_elffileopen
[ELF_CP] F_elffileopen_entry
[EF_CP] A_entry
[EF_CP] A_path=/system/android/framework/arm64/boot-core-libart.oat len=791976
[EF_CP] C_before_mmap
[EF_CP] D_after_mmap
[EF_CP] D_map_valid=1 size=16 err=dlopen() into reserved memory is unsupported on host for '/system/android/framework/arm64/boot-core-libart.oat'.
[EF_CP] F_after_header
[EF_CP] F_eiclass=0x02
[ELF_CP] G_after_elffile_open
[ELF_CP] G_elf_file_ptr=0x7fbcbc85b0
[ELF_CP] I_before_elf_load
[ELF_CP] J_after_elf_load
[ELF_CP] J_loaded=1
[ELF_CP] E_elffileopen_rc=1
[V1_CP] E_v1_after_load
[V1_CP] G_v1_after_compute
[V1_CP] H_v1_after_presetup
[V1_CP] J_v1_after_loadvdex
[V1_CP] L_v1_after_setup
[OAT_CP] A_open_entry
[OAT_CP] B_after_checkloc
[OAT_CP] C_after_vdex_fname
[OAT_CP] D_before_FileExists
[OAT_CP] D_vdex_fname=/system/android/framework/arm64/boot-core-icu4j.vdex exists=1
[OAT_CP] F_vdex_exists
[OAT_CP] G_before_dlopen
[V1_CP] A_v1_entry
[V1_CP] B_v1_after_new
[V1_CP] C_v1_after_preload
[V1_CP] D_v1_load_failed
[V1_CP] D_v1_load_failed_err=dlopen() into reserved memory is unsupported on host for '/system/android/framework/arm64/boot-core-icu4j.oat'.
[OAT_CP] H_dlopen_returned=0
[OAT_CP] J_dlopen_null
[OAT_CP] K_before_elfoat
[V1_CP] A_v1_entry
[V1_CP] B_v1_after_new
[V1_CP] C_v1_after_preload
[ELF_CP] A_load_entry
[ELF_CP] A_fname=/system/android/framework/arm64/boot-core-icu4j.oat exec=1
[ELF_CP] B_after_open_file
[ELF_CP] D_before_elffileopen
[ELF_CP] F_elffileopen_entry
[EF_CP] A_entry
[EF_CP] A_path=/system/android/framework/arm64/boot-core-icu4j.oat len=4643360
[EF_CP] C_before_mmap
[EF_CP] D_after_mmap
[EF_CP] D_map_valid=1 size=16 err=dlopen() into reserved memory is unsupported on host for '/system/android/framework/arm64/boot-core-icu4j.oat'.
[EF_CP] F_after_header
[EF_CP] F_eiclass=0x02
[ELF_CP] G_after_elffile_open
[ELF_CP] G_elf_file_ptr=0x7fbcbc8650
[ELF_CP] I_before_elf_load
[ELF_CP] J_after_elf_load
[ELF_CP] J_loaded=1
[ELF_CP] E_elffileopen_rc=1
[V1_CP] E_v1_after_load
[V1_CP] G_v1_after_compute
[V1_CP] H_v1_after_presetup
[V1_CP] J_v1_after_loadvdex
[V1_CP] L_v1_after_setup
[OAT_CP] A_open_entry
[OAT_CP] B_after_checkloc
[OAT_CP] C_after_vdex_fname
[OAT_CP] D_before_FileExists
[OAT_CP] D_vdex_fname=/system/android/framework/arm64/boot-okhttp.vdex exists=1
[OAT_CP] F_vdex_exists
[OAT_CP] G_before_dlopen
[V1_CP] A_v1_entry
[V1_CP] B_v1_after_new
[V1_CP] C_v1_after_preload
[V1_CP] D_v1_load_failed
[V1_CP] D_v1_load_failed_err=dlopen() into reserved memory is unsupported on host for '/system/android/framework/arm64/boot-okhttp.oat'.
[OAT_CP] H_dlopen_returned=0
[OAT_CP] J_dlopen_null
[OAT_CP] K_before_elfoat
[V1_CP] A_v1_entry
[V1_CP] B_v1_after_new
[V1_CP] C_v1_after_preload
[ELF_CP] A_load_entry
[ELF_CP] A_fname=/system/android/framework/arm64/boot-okhttp.oat exec=1
[ELF_CP] B_after_open_file
[ELF_CP] D_before_elffileopen
[ELF_CP] F_elffileopen_entry
[EF_CP] A_entry
[EF_CP] A_path=/system/android/framework/arm64/boot-okhttp.oat len=755168
[EF_CP] C_before_mmap
[EF_CP] D_after_mmap
[EF_CP] D_map_valid=1 size=16 err=dlopen() into reserved memory is unsupported on host for '/system/android/framework/arm64/boot-okhttp.oat'.
[EF_CP] F_after_header
[EF_CP] F_eiclass=0x02
[ELF_CP] G_after_elffile_open
[ELF_CP] G_elf_file_ptr=0x7fbcbc8670
[ELF_CP] I_before_elf_load
[ELF_CP] J_after_elf_load
[ELF_CP] J_loaded=1
[ELF_CP] E_elffileopen_rc=1
[V1_CP] E_v1_after_load
[V1_CP] G_v1_after_compute
[V1_CP] H_v1_after_presetup
[V1_CP] J_v1_after_loadvdex
[V1_CP] L_v1_after_setup
[OAT_CP] A_open_entry
[OAT_CP] B_after_checkloc
[OAT_CP] C_after_vdex_fname
[OAT_CP] D_before_FileExists
[OAT_CP] D_vdex_fname=/system/android/framework/arm64/boot-bouncycastle.vdex exists=1
[OAT_CP] F_vdex_exists
[OAT_CP] G_before_dlopen
[V1_CP] A_v1_entry
[V1_CP] B_v1_after_new
[V1_CP] C_v1_after_preload
[V1_CP] D_v1_load_failed
[V1_CP] D_v1_load_failed_err=dlopen() into reserved memory is unsupported on host for '/system/android/framework/arm64/boot-bouncycastle.oat'.
[OAT_CP] H_dlopen_returned=0
[OAT_CP] J_dlopen_null
[OAT_CP] K_before_elfoat
[V1_CP] A_v1_entry
[V1_CP] B_v1_after_new
[V1_CP] C_v1_after_preload
[ELF_CP] A_load_entry
[ELF_CP] A_fname=/system/android/framework/arm64/boot-bouncycastle.oat exec=1
[ELF_CP] B_after_open_file
[ELF_CP] D_before_elffileopen
[ELF_CP] F_elffileopen_entry
[EF_CP] A_entry
[EF_CP] A_path=/system/android/framework/arm64/boot-bouncycastle.oat len=2648448
[EF_CP] C_before_mmap
[EF_CP] D_after_mmap
[EF_CP] D_map_valid=1 size=16 err=dlopen() into reserved memory is unsupported on host for '/system/android/framework/arm64/boot-bouncycastle.oat'.
[EF_CP] F_after_header
[EF_CP] F_eiclass=0x02
[ELF_CP] G_after_elffile_open
[ELF_CP] G_elf_file_ptr=0x7fbcbc8550
[ELF_CP] I_before_elf_load
[ELF_CP] J_after_elf_load
[ELF_CP] J_loaded=1
[ELF_CP] E_elffileopen_rc=1
[V1_CP] E_v1_after_load
[V1_CP] G_v1_after_compute
[V1_CP] H_v1_after_presetup
[V1_CP] J_v1_after_loadvdex
[V1_CP] L_v1_after_setup
[OAT_CP] A_open_entry
[OAT_CP] B_after_checkloc
[OAT_CP] C_after_vdex_fname
[OAT_CP] D_before_FileExists
[OAT_CP] D_vdex_fname=/system/android/framework/arm64/boot-apache-xml.vdex exists=1
[OAT_CP] F_vdex_exists
[OAT_CP] G_before_dlopen
[V1_CP] A_v1_entry
[V1_CP] B_v1_after_new
[V1_CP] C_v1_after_preload
[V1_CP] D_v1_load_failed
[V1_CP] D_v1_load_failed_err=dlopen() into reserved memory is unsupported on host for '/system/android/framework/arm64/boot-apache-xml.oat'.
[OAT_CP] H_dlopen_returned=0
[OAT_CP] J_dlopen_null
[OAT_CP] K_before_elfoat
[V1_CP] A_v1_entry
[V1_CP] B_v1_after_new
[V1_CP] C_v1_after_preload
[ELF_CP] A_load_entry
[ELF_CP] A_fname=/system/android/framework/arm64/boot-apache-xml.oat exec=1
[ELF_CP] B_after_open_file
[ELF_CP] D_before_elffileopen
[ELF_CP] F_elffileopen_entry
[EF_CP] A_entry
[EF_CP] A_path=/system/android/framework/arm64/boot-apache-xml.oat len=1696144
[EF_CP] C_before_mmap
[EF_CP] D_after_mmap
[EF_CP] D_map_valid=1 size=16 err=dlopen() into reserved memory is unsupported on host for '/system/android/framework/arm64/boot-apache-xml.oat'.
[EF_CP] F_after_header
[EF_CP] F_eiclass=0x02
[ELF_CP] G_after_elffile_open
[ELF_CP] G_elf_file_ptr=0x7fbcbc8630
[ELF_CP] I_before_elf_load
[ELF_CP] J_after_elf_load
[ELF_CP] J_loaded=1
[ELF_CP] E_elffileopen_rc=1
[V1_CP] E_v1_after_load
[V1_CP] G_v1_after_compute
[V1_CP] H_v1_after_presetup
[V1_CP] J_v1_after_loadvdex
[V1_CP] L_v1_after_setup
[OAT_CP] A_open_entry
[OAT_CP] B_after_checkloc
[OAT_CP] C_after_vdex_fname
[OAT_CP] D_before_FileExists
[OAT_CP] D_vdex_fname=/system/android/framework/arm64/boot-adapter-mainline-stubs.vdex exists=1
[OAT_CP] F_vdex_exists
[OAT_CP] G_before_dlopen
[V1_CP] A_v1_entry
[V1_CP] B_v1_after_new
[V1_CP] C_v1_after_preload
[V1_CP] D_v1_load_failed
[V1_CP] D_v1_load_failed_err=dlopen() into reserved memory is unsupported on host for '/system/android/framework/arm64/boot-adapter-mainline-stubs.oat'.
[OAT_CP] H_dlopen_returned=0
[OAT_CP] J_dlopen_null
[OAT_CP] K_before_elfoat
[V1_CP] A_v1_entry
[V1_CP] B_v1_after_new
[V1_CP] C_v1_after_preload
[ELF_CP] A_load_entry
[ELF_CP] A_fname=/system/android/framework/arm64/boot-adapter-mainline-stubs.oat exec=1
[ELF_CP] B_after_open_file
[ELF_CP] D_before_elffileopen
[ELF_CP] F_elffileopen_entry
[EF_CP] A_entry
[EF_CP] A_path=/system/android/framework/arm64/boot-adapter-mainline-stubs.oat len=47824
[EF_CP] C_before_mmap
[EF_CP] D_after_mmap
[EF_CP] D_map_valid=1 size=16 err=dlopen() into reserved memory is unsupported on host for '/system/android/framework/arm64/boot-adapter-mainline-stubs.oat'.
[EF_CP] F_after_header
[EF_CP] F_eiclass=0x02
[ELF_CP] G_after_elffile_open
[ELF_CP] G_elf_file_ptr=0x7fbcbc8570
[ELF_CP] I_before_elf_load
[ELF_CP] J_after_elf_load
[ELF_CP] J_loaded=1
[ELF_CP] E_elffileopen_rc=1
[V1_CP] E_v1_after_load
[V1_CP] G_v1_after_compute
[V1_CP] H_v1_after_presetup
[V1_CP] J_v1_after_loadvdex
[V1_CP] L_v1_after_setup
[OAT_CP] A_open_entry
[OAT_CP] B_after_checkloc
[OAT_CP] C_after_vdex_fname
[OAT_CP] D_before_FileExists
[OAT_CP] D_vdex_fname=/system/android/framework/arm64/boot-framework.vdex exists=1
[OAT_CP] F_vdex_exists
[OAT_CP] G_before_dlopen
[V1_CP] A_v1_entry
[V1_CP] B_v1_after_new
[V1_CP] C_v1_after_preload
[V1_CP] D_v1_load_failed
[V1_CP] D_v1_load_failed_err=dlopen() into reserved memory is unsupported on host for '/system/android/framework/arm64/boot-framework.oat'.
[OAT_CP] H_dlopen_returned=0
[OAT_CP] J_dlopen_null
[OAT_CP] K_before_elfoat
[V1_CP] A_v1_entry
[V1_CP] B_v1_after_new
[V1_CP] C_v1_after_preload
[ELF_CP] A_load_entry
[ELF_CP] A_fname=/system/android/framework/arm64/boot-framework.oat exec=1
[ELF_CP] B_after_open_file
[ELF_CP] D_before_elffileopen
[ELF_CP] F_elffileopen_entry
[EF_CP] A_entry
[EF_CP] A_path=/system/android/framework/arm64/boot-framework.oat len=59970440
[EF_CP] C_before_mmap
[EF_CP] D_after_mmap
[EF_CP] D_map_valid=1 size=16 err=dlopen() into reserved memory is unsupported on host for '/system/android/framework/arm64/boot-framework.oat'.
[EF_CP] F_after_header
[EF_CP] F_eiclass=0x02
[ELF_CP] G_after_elffile_open
[ELF_CP] G_elf_file_ptr=0x7fbcbc85f0
[ELF_CP] I_before_elf_load
[ELF_CP] J_after_elf_load
[ELF_CP] J_loaded=1
[ELF_CP] E_elffileopen_rc=1
[V1_CP] E_v1_after_load
[V1_CP] G_v1_after_compute
[V1_CP] H_v1_after_presetup
[V1_CP] J_v1_after_loadvdex
[V1_CP] L_v1_after_setup
[OAT_CP] A_open_entry
[OAT_CP] B_after_checkloc
[OAT_CP] C_after_vdex_fname
[OAT_CP] D_before_FileExists
[OAT_CP] D_vdex_fname=/system/android/framework/arm64/boot-oh-adapter-framework.vdex exists=1
[OAT_CP] F_vdex_exists
[OAT_CP] G_before_dlopen
[V1_CP] A_v1_entry
[V1_CP] B_v1_after_new
[V1_CP] C_v1_after_preload
[V1_CP] D_v1_load_failed
[V1_CP] D_v1_load_failed_err=dlopen() into reserved memory is unsupported on host for '/system/android/framework/arm64/boot-oh-adapter-framework.oat'.
[OAT_CP] H_dlopen_returned=0
[OAT_CP] J_dlopen_null
[OAT_CP] K_before_elfoat
[V1_CP] A_v1_entry
[V1_CP] B_v1_after_new
[V1_CP] C_v1_after_preload
[ELF_CP] A_load_entry
[ELF_CP] A_fname=/system/android/framework/arm64/boot-oh-adapter-framework.oat exec=1
[ELF_CP] B_after_open_file
[ELF_CP] D_before_elffileopen
[ELF_CP] F_elffileopen_entry
[EF_CP] A_entry
[EF_CP] A_path=/system/android/framework/arm64/boot-oh-adapter-framework.oat len=581832
[EF_CP] C_before_mmap
[EF_CP] D_after_mmap
[EF_CP] D_map_valid=1 size=16 err=dlopen() into reserved memory is unsupported on host for '/system/android/framework/arm64/boot-oh-adapter-framework.oat'.
[EF_CP] F_after_header
[EF_CP] F_eiclass=0x02
[ELF_CP] G_after_elffile_open
[ELF_CP] G_elf_file_ptr=0x7fbcbc8610
[ELF_CP] I_before_elf_load
[ELF_CP] J_after_elf_load
[ELF_CP] J_loaded=1
[ELF_CP] E_elffileopen_rc=1
[V1_CP] E_v1_after_load
[V1_CP] G_v1_after_compute
[V1_CP] H_v1_after_presetup
[V1_CP] J_v1_after_loadvdex
[V1_CP] L_v1_after_setup
[LBI2_CP] N_LoadImage_ok
[LBI_CP] F_load_from_system_true
[HEAP_CP] 11a_loadbootimage_returned_true
[HEAP_CP] 11_after_load_boot_image_block
appspawn-x I 01-01 10:21:00  3693  3693 heap.cc:859] Heap() exiting
[DBG] before new Thread()
[DBG] new Thread() returned self=0x7fbcb091f0
[DBG] calling self->Init(), self=0x7fbcb091f0
[DBG] Thread::Init this=0x7fbcb091f0
[DBG] Init returned 1
appspawn-x I 01-01 10:21:00  3693  3693 class_linker.cc:1264] InitFromBootImage entering
[CLI_CP] A_entry
[CLI_CP] B_after_register_oat_files count=9
[CLI_CP] C_after_read_trampolines nterp=0x72e93070 qtib=0x72e93060
[CLI_CP] D_before_AddImageSpaces
[AIS_CP] A_entry spaces=9
[AIS_CP] B_OpenAndInit idx=0
[OAIDF_CP] A_entry space=0x7fbcd49b40
[OAIDF_CP] B_got_header
[OAIDF_CP] C_got_dex_caches_root obj=0x70674f30
[OAIDF_CP] D_got_dex_caches_handle
[OAIDF_CP] E_got_oat_file=0x7fbcc00e60
[OAIDF_CP] F_counts oat=1 dex_caches=1
[OAIDF_CP] G_iter_enter idx=0
[OAIDF_CP] H_got_location idx=0 loc=/system/android/framework/core-oj.jar
[OAIDF_CP] I_open_oat_dex idx=0 dex=0x7fbbce2ec0
[OAIDF_CP] J_after_initialize idx=0
[ABCP_CP] A_entry dex=0x7fbbce2ec0 cache=0x70476100
[ABCP_CP] B_pre_check_eq
[ABCP_CP] C_pre_push
[ABCP_CP] D_after_push bcp_size=1
[ABCP_CP] E_lock_acquired
[RDFL_CP] A_entry
[RDFL_CP] B_checks_ok
[RDFL_CP] C_before_GetLocation dex_cache=0x70476100
[RDFL_CP] D_after_GetLocation str=0x70636e20
[RDFL_CP] E_after_ToModifiedUtf8 loc=/system/android/framework/core-oj.jar
[RDFL_CP] F_after_len_check len=37
[RDFL_CP] G_after_dex_file_loc loc=/system/android/framework/core-oj.jar
[RDFL_CP] H_after_Runtime_Current
[RDFL_CP] I_after_loc_checks
[RDFL_CP] J_oat_file=0x7fbcc00e60
[RDFL_CP] K_initialize_oat_file_data=1
[RDFL_CP] L_after_dex_caches_loop initialize=1
[RDFL_CP] M_before_InitializeRelocations
[RDFL_CP] N_after_InitializeRelocations
[RDFL_CP] O_exec_offset=1982464 size=8127992
[RDFL_CP] P_after_AddGeneratedCodeRange
[RDFL_CP] Q_before_InitializeDexFileDomain
[RDFL_CP] R_after_InitializeDexFileDomain
[RDFL_CP] S_before_GetJniEnv
[RDFL_CP] T_after_GetJniEnv env=0x7faea46610
[RDFL_CP] U_after_GetVm vm=0x7fb4f1cdf0
[RDFL_CP] V_after_AddWeakGlobalRef weak=0x7
[RDFL_CP] W_after_ClassTableForClassLoader table=0x7fbcbfcbd0
[DBG_IFACE] AddNativeDebugInfoForDex no-op self=0x7fbcb091f0 dex=0x7fbbce2ec0
[RDFL_CP] X_after_AddNativeDebugInfoForDex
[RDFL_CP] Y_after_InsertStrongRoot
[RDFL_CP] AA_after_SetClassLoader
[RDFL_CP] BB_after_emplace inserted=1
[RDFL_CP] Z_func_exit
[ABCP_CP] Z_after_register
[OAIDF_CP] K_after_append idx=0
[OAIDF_CP] Z_done count=1
[AIS_CP] B_OK idx=0 dex_files=1
[AIS_CP] B_OpenAndInit idx=1
[OAIDF_CP] A_entry space=0x7fbcd49e30
[OAIDF_CP] B_got_header
[OAIDF_CP] C_got_dex_caches_root obj=0x7090c4b8
[OAIDF_CP] D_got_dex_caches_handle
[OAIDF_CP] E_got_oat_file=0x7fbcc00ca0
[OAIDF_CP] F_counts oat=1 dex_caches=1
[OAIDF_CP] G_iter_enter idx=0
[OAIDF_CP] H_got_location idx=0 loc=/system/android/framework/core-libart.jar
[OAIDF_CP] I_open_oat_dex idx=0 dex=0x7fbbcde230
[OAIDF_CP] J_after_initialize idx=0
[ABCP_CP] A_entry dex=0x7fbbcde230 cache=0x708dd100
[ABCP_CP] B_pre_check_eq
[ABCP_CP] C_pre_push
[ABCP_CP] D_after_push bcp_size=2
[ABCP_CP] E_lock_acquired
[RDFL_CP] A_entry
[RDFL_CP] B_checks_ok
[RDFL_CP] C_before_GetLocation dex_cache=0x708dd100
[RDFL_CP] D_after_GetLocation str=0x70907038
[RDFL_CP] E_after_ToModifiedUtf8 loc=/system/android/framework/core-libart.jar
[RDFL_CP] F_after_len_check len=41
[RDFL_CP] G_after_dex_file_loc loc=/system/android/framework/core-libart.jar
[RDFL_CP] H_after_Runtime_Current
[RDFL_CP] I_after_loc_checks
[RDFL_CP] J_oat_file=0x7fbcc00ca0
[RDFL_CP] K_initialize_oat_file_data=1
[RDFL_CP] L_after_dex_caches_loop initialize=1
[RDFL_CP] M_before_InitializeRelocations
[RDFL_CP] N_after_InitializeRelocations
[RDFL_CP] O_exec_offset=122880 size=610616
[RDFL_CP] P_after_AddGeneratedCodeRange
[RDFL_CP] Q_before_InitializeDexFileDomain
[RDFL_CP] R_after_InitializeDexFileDomain
[RDFL_CP] S_before_GetJniEnv
[RDFL_CP] T_after_GetJniEnv env=0x7faea46610
[RDFL_CP] U_after_GetVm vm=0x7fb4f1cdf0
[RDFL_CP] V_after_AddWeakGlobalRef weak=0x27
[RDFL_CP] W_after_ClassTableForClassLoader table=0x7fbcbfcbd0
[DBG_IFACE] AddNativeDebugInfoForDex no-op self=0x7fbcb091f0 dex=0x7fbbcde230
[RDFL_CP] X_after_AddNativeDebugInfoForDex
[RDFL_CP] Y_after_InsertStrongRoot
[RDFL_CP] AA_after_SetClassLoader
[RDFL_CP] BB_after_emplace inserted=1
[RDFL_CP] Z_func_exit
[ABCP_CP] Z_after_register
[OAIDF_CP] K_after_append idx=0
[OAIDF_CP] Z_done count=1
[AIS_CP] B_OK idx=1 dex_files=1
[AIS_CP] B_OpenAndInit idx=2
[OAIDF_CP] A_entry space=0x7fbcd499b0
[OAIDF_CP] B_got_header
[OAIDF_CP] C_got_dex_caches_root obj=0x70a23c58
[OAIDF_CP] D_got_dex_caches_handle
[OAIDF_CP] E_got_oat_file=0x7fbcc00990
[OAIDF_CP] F_counts oat=1 dex_caches=1
[OAIDF_CP] G_iter_enter idx=0
[OAIDF_CP] H_got_location idx=0 loc=/system/android/framework/core-icu4j.jar
[OAIDF_CP] I_open_oat_dex idx=0 dex=0x7fbcd8beb0
[OAIDF_CP] J_after_initialize idx=0
[ABCP_CP] A_entry dex=0x7fbcd8beb0 cache=0x70948100
[ABCP_CP] B_pre_check_eq
[ABCP_CP] C_pre_push
[ABCP_CP] D_after_push bcp_size=3
[ABCP_CP] E_lock_acquired
[RDFL_CP] A_entry
[RDFL_CP] B_checks_ok
[RDFL_CP] C_before_GetLocation dex_cache=0x70948100
[RDFL_CP] D_after_GetLocation str=0x70a1b4c8
[RDFL_CP] E_after_ToModifiedUtf8 loc=/system/android/framework/core-icu4j.jar
[RDFL_CP] F_after_len_check len=40
[RDFL_CP] G_after_dex_file_loc loc=/system/android/framework/core-icu4j.jar
[RDFL_CP] H_after_Runtime_Current
[RDFL_CP] I_after_loc_checks
[RDFL_CP] J_oat_file=0x7fbcc00990
[RDFL_CP] K_initialize_oat_file_data=1
[RDFL_CP] L_after_dex_caches_loop initialize=1
[RDFL_CP] M_before_InitializeRelocations
[RDFL_CP] N_after_InitializeRelocations
[RDFL_CP] O_exec_offset=761856 size=3687952
[RDFL_CP] P_after_AddGeneratedCodeRange
[RDFL_CP] Q_before_InitializeDexFileDomain
[RDFL_CP] R_after_InitializeDexFileDomain
[RDFL_CP] S_before_GetJniEnv
[RDFL_CP] T_after_GetJniEnv env=0x7faea46610
[RDFL_CP] U_after_GetVm vm=0x7fb4f1cdf0
[RDFL_CP] V_after_AddWeakGlobalRef weak=0x47
[RDFL_CP] W_after_ClassTableForClassLoader table=0x7fbcbfcbd0
[DBG_IFACE] AddNativeDebugInfoForDex no-op self=0x7fbcb091f0 dex=0x7fbcd8beb0
[RDFL_CP] X_after_AddNativeDebugInfoForDex
[RDFL_CP] Y_after_InsertStrongRoot
[RDFL_CP] AA_after_SetClassLoader
[RDFL_CP] BB_after_emplace inserted=1
[RDFL_CP] Z_func_exit
[ABCP_CP] Z_after_register
[OAIDF_CP] K_after_append idx=0
[OAIDF_CP] Z_done count=1
[AIS_CP] B_OK idx=2 dex_files=1
[AIS_CP] B_OpenAndInit idx=3
[OAIDF_CP] A_entry space=0x7fbcc00050
[OAIDF_CP] B_got_header
[OAIDF_CP] C_got_dex_caches_root obj=0x70b18ff8
[OAIDF_CP] D_got_dex_caches_handle
[OAIDF_CP] E_got_oat_file=0x7fbcc004f0
[OAIDF_CP] F_counts oat=1 dex_caches=1
[OAIDF_CP] G_iter_enter idx=0
[OAIDF_CP] H_got_location idx=0 loc=/system/android/framework/okhttp.jar
[OAIDF_CP] I_open_oat_dex idx=0 dex=0x7fbcd48030
[OAIDF_CP] J_after_initialize idx=0
[ABCP_CP] A_entry dex=0x7fbcd48030 cache=0x70af7100
[ABCP_CP] B_pre_check_eq
[ABCP_CP] C_pre_push
[ABCP_CP] D_after_push bcp_size=4
[ABCP_CP] E_lock_acquired
[RDFL_CP] A_entry
[RDFL_CP] B_checks_ok
[RDFL_CP] C_before_GetLocation dex_cache=0x70af7100
[RDFL_CP] D_after_GetLocation str=0x70b16ff0
[RDFL_CP] E_after_ToModifiedUtf8 loc=/system/android/framework/okhttp.jar
[RDFL_CP] F_after_len_check len=36
[RDFL_CP] G_after_dex_file_loc loc=/system/android/framework/okhttp.jar
[RDFL_CP] H_after_Runtime_Current
[RDFL_CP] I_after_loc_checks
[RDFL_CP] J_oat_file=0x7fbcc004f0
[RDFL_CP] K_initialize_oat_file_data=1
[RDFL_CP] L_after_dex_caches_loop initialize=1
[RDFL_CP] M_before_InitializeRelocations
[RDFL_CP] N_after_InitializeRelocations
[RDFL_CP] O_exec_offset=147456 size=557920
[RDFL_CP] P_after_AddGeneratedCodeRange
[RDFL_CP] Q_before_InitializeDexFileDomain
[RDFL_CP] R_after_InitializeDexFileDomain
[RDFL_CP] S_before_GetJniEnv
[RDFL_CP] T_after_GetJniEnv env=0x7faea46610
[RDFL_CP] U_after_GetVm vm=0x7fb4f1cdf0
[RDFL_CP] V_after_AddWeakGlobalRef weak=0x67
[RDFL_CP] W_after_ClassTableForClassLoader table=0x7fbcbfcbd0
[DBG_IFACE] AddNativeDebugInfoForDex no-op self=0x7fbcb091f0 dex=0x7fbcd48030
[RDFL_CP] X_after_AddNativeDebugInfoForDex
[RDFL_CP] Y_after_InsertStrongRoot
[RDFL_CP] AA_after_SetClassLoader
[RDFL_CP] BB_after_emplace inserted=1
[RDFL_CP] Z_func_exit
[ABCP_CP] Z_after_register
[OAIDF_CP] K_after_append idx=0
[OAIDF_CP] Z_done count=1
[AIS_CP] B_OK idx=3 dex_files=1
[AIS_CP] B_OpenAndInit idx=4
[OAIDF_CP] A_entry space=0x7fbcc001e0
[OAIDF_CP] B_got_header
[OAIDF_CP] C_got_dex_caches_root obj=0x70bc69d0
[OAIDF_CP] D_got_dex_caches_handle
[OAIDF_CP] E_got_oat_file=0x7fbcbcc030
[OAIDF_CP] F_counts oat=1 dex_caches=1
[OAIDF_CP] G_iter_enter idx=0
[OAIDF_CP] H_got_location idx=0 loc=/system/android/framework/bouncycastle.jar
[OAIDF_CP] I_open_oat_dex idx=0 dex=0x7fbcd48e90
[OAIDF_CP] J_after_initialize idx=0
[ABCP_CP] A_entry dex=0x7fbcd48e90 cache=0x70b3c100
[ABCP_CP] B_pre_check_eq
[ABCP_CP] C_pre_push
[ABCP_CP] D_after_push bcp_size=5
[ABCP_CP] E_lock_acquired
[RDFL_CP] A_entry
[RDFL_CP] B_checks_ok
[RDFL_CP] C_before_GetLocation dex_cache=0x70b3c100
[RDFL_CP] D_after_GetLocation str=0x70bbf590
[RDFL_CP] E_after_ToModifiedUtf8 loc=/system/android/framework/bouncycastle.jar
[RDFL_CP] F_after_len_check len=42
[RDFL_CP] G_after_dex_file_loc loc=/system/android/framework/bouncycastle.jar
[RDFL_CP] H_after_Runtime_Current
[RDFL_CP] I_after_loc_checks
[RDFL_CP] J_oat_file=0x7fbcbcc030
[RDFL_CP] K_initialize_oat_file_data=1
[RDFL_CP] L_after_dex_caches_loop initialize=1
[RDFL_CP] M_before_InitializeRelocations
[RDFL_CP] N_after_InitializeRelocations
[RDFL_CP] O_exec_offset=442368 size=2097316
[RDFL_CP] P_after_AddGeneratedCodeRange
[RDFL_CP] Q_before_InitializeDexFileDomain
[RDFL_CP] R_after_InitializeDexFileDomain
[RDFL_CP] S_before_GetJniEnv
[RDFL_CP] T_after_GetJniEnv env=0x7faea46610
[RDFL_CP] U_after_GetVm vm=0x7fb4f1cdf0
[RDFL_CP] V_after_AddWeakGlobalRef weak=0x87
[RDFL_CP] W_after_ClassTableForClassLoader table=0x7fbcbfcbd0
[DBG_IFACE] AddNativeDebugInfoForDex no-op self=0x7fbcb091f0 dex=0x7fbcd48e90
[RDFL_CP] X_after_AddNativeDebugInfoForDex
[RDFL_CP] Y_after_InsertStrongRoot
[RDFL_CP] AA_after_SetClassLoader
[RDFL_CP] BB_after_emplace inserted=1
[RDFL_CP] Z_func_exit
[ABCP_CP] Z_after_register
[OAIDF_CP] K_after_append idx=0
[OAIDF_CP] Z_done count=1
[AIS_CP] B_OK idx=4 dex_files=1
[AIS_CP] B_OpenAndInit idx=5
[OAIDF_CP] A_entry space=0x7fbcc00370
[OAIDF_CP] B_got_header
[OAIDF_CP] C_got_dex_caches_root obj=0x70d46310
[OAIDF_CP] D_got_dex_caches_handle
[OAIDF_CP] E_got_oat_file=0x7fbcbcc360
[OAIDF_CP] F_counts oat=1 dex_caches=1
[OAIDF_CP] G_iter_enter idx=0
[OAIDF_CP] H_got_location idx=0 loc=/system/android/framework/apache-xml.jar
[OAIDF_CP] I_open_oat_dex idx=0 dex=0x7fbc7c9ec0
[OAIDF_CP] J_after_initialize idx=0
[ABCP_CP] A_entry dex=0x7fbc7c9ec0 cache=0x70c3e100
[ABCP_CP] B_pre_check_eq
[ABCP_CP] C_pre_push
[ABCP_CP] D_after_push bcp_size=6
[ABCP_CP] E_lock_acquired
[RDFL_CP] A_entry
[RDFL_CP] B_checks_ok
[RDFL_CP] C_before_GetLocation dex_cache=0x70c3e100
[RDFL_CP] D_after_GetLocation str=0x70d38c98
[RDFL_CP] E_after_ToModifiedUtf8 loc=/system/android/framework/apache-xml.jar
[RDFL_CP] F_after_len_check len=40
[RDFL_CP] G_after_dex_file_loc loc=/system/android/framework/apache-xml.jar
[RDFL_CP] H_after_Runtime_Current
[RDFL_CP] I_after_loc_checks
[RDFL_CP] J_oat_file=0x7fbcbcc360
[RDFL_CP] K_initialize_oat_file_data=1
[RDFL_CP] L_after_dex_caches_loop initialize=1
[RDFL_CP] M_before_InitializeRelocations
[RDFL_CP] N_after_InitializeRelocations
[RDFL_CP] O_exec_offset=270336 size=1338964
[RDFL_CP] P_after_AddGeneratedCodeRange
[RDFL_CP] Q_before_InitializeDexFileDomain
[RDFL_CP] R_after_InitializeDexFileDomain
[RDFL_CP] S_before_GetJniEnv
[RDFL_CP] T_after_GetJniEnv env=0x7faea46610
[RDFL_CP] U_after_GetVm vm=0x7fb4f1cdf0
[RDFL_CP] V_after_AddWeakGlobalRef weak=0xa7
[RDFL_CP] W_after_ClassTableForClassLoader table=0x7fbcbfcbd0
[DBG_IFACE] AddNativeDebugInfoForDex no-op self=0x7fbcb091f0 dex=0x7fbc7c9ec0
[RDFL_CP] X_after_AddNativeDebugInfoForDex
[RDFL_CP] Y_after_InsertStrongRoot
[RDFL_CP] AA_after_SetClassLoader
[RDFL_CP] BB_after_emplace inserted=1
[RDFL_CP] Z_func_exit
[ABCP_CP] Z_after_register
[OAIDF_CP] K_after_append idx=0
[OAIDF_CP] Z_done count=1
[AIS_CP] B_OK idx=5 dex_files=1
[AIS_CP] B_OpenAndInit idx=6
[OAIDF_CP] A_entry space=0x7fbcc00690
[OAIDF_CP] B_got_header
[OAIDF_CP] C_got_dex_caches_root obj=0x70e04808
[OAIDF_CP] D_got_dex_caches_handle
[OAIDF_CP] E_got_oat_file=0x7fbcbcc690
[OAIDF_CP] F_counts oat=1 dex_caches=1
[OAIDF_CP] G_iter_enter idx=0
[OAIDF_CP] H_got_location idx=0 loc=/system/android/framework/adapter-mainline-stubs.jar
[OAIDF_CP] I_open_oat_dex idx=0 dex=0x7fb9a81e80
[OAIDF_CP] J_after_initialize idx=0
[ABCP_CP] A_entry dex=0x7fb9a81e80 cache=0x70dcd100
[ABCP_CP] B_pre_check_eq
[ABCP_CP] C_pre_push
[ABCP_CP] D_after_push bcp_size=7
[ABCP_CP] E_lock_acquired
[RDFL_CP] A_entry
[RDFL_CP] B_checks_ok
[RDFL_CP] C_before_GetLocation dex_cache=0x70dcd100
[RDFL_CP] D_after_GetLocation str=0x70e04778
[RDFL_CP] E_after_ToModifiedUtf8 loc=/system/android/framework/adapter-mainline-stubs.jar
[RDFL_CP] F_after_len_check len=52
[RDFL_CP] G_after_dex_file_loc loc=/system/android/framework/adapter-mainline-stubs.jar
[RDFL_CP] H_after_Runtime_Current
[RDFL_CP] I_after_loc_checks
[RDFL_CP] J_oat_file=0x7fbcbcc690
[RDFL_CP] K_initialize_oat_file_data=1
[RDFL_CP] L_after_dex_caches_loop initialize=1
[RDFL_CP] M_before_InitializeRelocations
[RDFL_CP] N_after_InitializeRelocations
[RDFL_CP] O_exec_offset=12288 size=16540
[RDFL_CP] P_after_AddGeneratedCodeRange
[RDFL_CP] Q_before_InitializeDexFileDomain
[RDFL_CP] R_after_InitializeDexFileDomain
[RDFL_CP] S_before_GetJniEnv
[RDFL_CP] T_after_GetJniEnv env=0x7faea46610
[RDFL_CP] U_after_GetVm vm=0x7fb4f1cdf0
[RDFL_CP] V_after_AddWeakGlobalRef weak=0xc7
[RDFL_CP] W_after_ClassTableForClassLoader table=0x7fbcbfcbd0
[DBG_IFACE] AddNativeDebugInfoForDex no-op self=0x7fbcb091f0 dex=0x7fb9a81e80
[RDFL_CP] X_after_AddNativeDebugInfoForDex
[RDFL_CP] Y_after_InsertStrongRoot
[RDFL_CP] AA_after_SetClassLoader
[RDFL_CP] BB_after_emplace inserted=1
[RDFL_CP] Z_func_exit
[ABCP_CP] Z_after_register
[OAIDF_CP] K_after_append idx=0
[OAIDF_CP] Z_done count=1
[AIS_CP] B_OK idx=6 dex_files=1
[AIS_CP] B_OpenAndInit idx=7
[OAIDF_CP] A_entry space=0x7fbcc00820
[OAIDF_CP] B_got_header
[OAIDF_CP] C_got_dex_caches_root obj=0x71cb2e60
[OAIDF_CP] D_got_dex_caches_handle
[OAIDF_CP] E_got_oat_file=0x7fbcbcc9b0
[OAIDF_CP] F_counts oat=5 dex_caches=5
[OAIDF_CP] G_iter_enter idx=0
[OAIDF_CP] H_got_location idx=0 loc=/system/android/framework/framework.jar
[OAIDF_CP] I_open_oat_dex idx=0 dex=0x7fb9eb8010
[OAIDF_CP] J_after_initialize idx=0
[ABCP_CP] A_entry dex=0x7fb9eb8010 cache=0x70e0c100
[ABCP_CP] B_pre_check_eq
[ABCP_CP] C_pre_push
[ABCP_CP] D_after_push bcp_size=8
[ABCP_CP] E_lock_acquired
[RDFL_CP] A_entry
[RDFL_CP] B_checks_ok
[RDFL_CP] C_before_GetLocation dex_cache=0x70e0c100
[RDFL_CP] D_after_GetLocation str=0x71ae7990
[RDFL_CP] E_after_ToModifiedUtf8 loc=/system/android/framework/framework.jar
[RDFL_CP] F_after_len_check len=39
[RDFL_CP] G_after_dex_file_loc loc=/system/android/framework/framework.jar
[RDFL_CP] H_after_Runtime_Current
[RDFL_CP] I_after_loc_checks
[RDFL_CP] J_oat_file=0x7fbcbcc9b0
[RDFL_CP] K_initialize_oat_file_data=1
[RDFL_CP] L_after_dex_caches_loop initialize=1
[RDFL_CP] M_before_InitializeRelocations
[RDFL_CP] N_after_InitializeRelocations
[RDFL_CP] O_exec_offset=10592256 size=47155816
[RDFL_CP] P_after_AddGeneratedCodeRange
[RDFL_CP] Q_before_InitializeDexFileDomain
[RDFL_CP] R_after_InitializeDexFileDomain
[RDFL_CP] S_before_GetJniEnv
[RDFL_CP] T_after_GetJniEnv env=0x7faea46610
[RDFL_CP] U_after_GetVm vm=0x7fb4f1cdf0
[RDFL_CP] V_after_AddWeakGlobalRef weak=0xe7
[RDFL_CP] W_after_ClassTableForClassLoader table=0x7fbcbfcbd0
[DBG_IFACE] AddNativeDebugInfoForDex no-op self=0x7fbcb091f0 dex=0x7fb9eb8010
[RDFL_CP] X_after_AddNativeDebugInfoForDex
[RDFL_CP] Y_after_InsertStrongRoot
[RDFL_CP] AA_after_SetClassLoader
[RDFL_CP] BB_after_emplace inserted=1
[RDFL_CP] Z_func_exit
[ABCP_CP] Z_after_register
[OAIDF_CP] K_after_append idx=0
[OAIDF_CP] G_iter_enter idx=1
[OAIDF_CP] H_got_location idx=1 loc=/system/android/framework/framework.jar!classes2.dex
[OAIDF_CP] I_open_oat_dex idx=1 dex=0x7fba142ed0
[OAIDF_CP] J_after_initialize idx=1
[ABCP_CP] A_entry dex=0x7fba142ed0 cache=0x70e0c170
[ABCP_CP] B_pre_check_eq
[ABCP_CP] C_pre_push
[ABCP_CP] D_after_push bcp_size=9
[ABCP_CP] E_lock_acquired
[RDFL_CP] A_entry
[RDFL_CP] B_checks_ok
[RDFL_CP] C_before_GetLocation dex_cache=0x70e0c170
[RDFL_CP] D_after_GetLocation str=0x71ae79c8
[RDFL_CP] E_after_ToModifiedUtf8 loc=/system/android/framework/framework.jar!classes2.dex
[RDFL_CP] F_after_len_check len=52
[RDFL_CP] G_after_dex_file_loc loc=/system/android/framework/framework.jar!classes2.dex
[RDFL_CP] H_after_Runtime_Current
[RDFL_CP] I_after_loc_checks
[RDFL_CP] J_oat_file=0x7fbcbcc9b0
[RDFL_CP] K_initialize_oat_file_data=1
[RDFL_CP] L_after_dex_caches_loop initialize=0
[RDFL_CP] Q_before_InitializeDexFileDomain
[RDFL_CP] R_after_InitializeDexFileDomain
[RDFL_CP] S_before_GetJniEnv
[RDFL_CP] T_after_GetJniEnv env=0x7faea46610
[RDFL_CP] U_after_GetVm vm=0x7fb4f1cdf0
[RDFL_CP] V_after_AddWeakGlobalRef weak=0x107
[RDFL_CP] W_after_ClassTableForClassLoader table=0x7fbcbfcbd0
[DBG_IFACE] AddNativeDebugInfoForDex no-op self=0x7fbcb091f0 dex=0x7fba142ed0
[RDFL_CP] X_after_AddNativeDebugInfoForDex
[RDFL_CP] Y_after_InsertStrongRoot
[RDFL_CP] AA_after_SetClassLoader
[RDFL_CP] BB_after_emplace inserted=1
[RDFL_CP] Z_func_exit
[ABCP_CP] Z_after_register
[OAIDF_CP] K_after_append idx=1
[OAIDF_CP] G_iter_enter idx=2
[OAIDF_CP] H_got_location idx=2 loc=/system/android/framework/framework.jar!classes3.dex
[OAIDF_CP] I_open_oat_dex idx=2 dex=0x7fba4e5ed0
[OAIDF_CP] J_after_initialize idx=2
[ABCP_CP] A_entry dex=0x7fba4e5ed0 cache=0x70e0c1e0
[ABCP_CP] B_pre_check_eq
[ABCP_CP] C_pre_push
[ABCP_CP] D_after_push bcp_size=10
[ABCP_CP] E_lock_acquired
[RDFL_CP] A_entry
[RDFL_CP] B_checks_ok
[RDFL_CP] C_before_GetLocation dex_cache=0x70e0c1e0
[RDFL_CP] D_after_GetLocation str=0x71ae7a10
[RDFL_CP] E_after_ToModifiedUtf8 loc=/system/android/framework/framework.jar!classes3.dex
[RDFL_CP] F_after_len_check len=52
[RDFL_CP] G_after_dex_file_loc loc=/system/android/framework/framework.jar!classes3.dex
[RDFL_CP] H_after_Runtime_Current
[RDFL_CP] I_after_loc_checks
[RDFL_CP] J_oat_file=0x7fbcbcc9b0
[RDFL_CP] K_initialize_oat_file_data=1
[RDFL_CP] L_after_dex_caches_loop initialize=0
[RDFL_CP] Q_before_InitializeDexFileDomain
[RDFL_CP] R_after_InitializeDexFileDomain
[RDFL_CP] S_before_GetJniEnv
[RDFL_CP] T_after_GetJniEnv env=0x7faea46610
[RDFL_CP] U_after_GetVm vm=0x7fb4f1cdf0
[RDFL_CP] V_after_AddWeakGlobalRef weak=0x127
[RDFL_CP] W_after_ClassTableForClassLoader table=0x7fbcbfcbd0
[DBG_IFACE] AddNativeDebugInfoForDex no-op self=0x7fbcb091f0 dex=0x7fba4e5ed0
[RDFL_CP] X_after_AddNativeDebugInfoForDex
[RDFL_CP] Y_after_InsertStrongRoot
[RDFL_CP] AA_after_SetClassLoader
[RDFL_CP] BB_after_emplace inserted=1
[RDFL_CP] Z_func_exit
[ABCP_CP] Z_after_register
[OAIDF_CP] K_after_append idx=2
[OAIDF_CP] G_iter_enter idx=3
[OAIDF_CP] H_got_location idx=3 loc=/system/android/framework/framework.jar!classes4.dex
[OAIDF_CP] I_open_oat_dex idx=3 dex=0x7fba505610
[OAIDF_CP] J_after_initialize idx=3
[ABCP_CP] A_entry dex=0x7fba505610 cache=0x70e0c250
[ABCP_CP] B_pre_check_eq
[ABCP_CP] C_pre_push
[ABCP_CP] D_after_push bcp_size=11
[ABCP_CP] E_lock_acquired
[RDFL_CP] A_entry
[RDFL_CP] B_checks_ok
[RDFL_CP] C_before_GetLocation dex_cache=0x70e0c250
[RDFL_CP] D_after_GetLocation str=0x71ae7a58
[RDFL_CP] E_after_ToModifiedUtf8 loc=/system/android/framework/framework.jar!classes4.dex
[RDFL_CP] F_after_len_check len=52
[RDFL_CP] G_after_dex_file_loc loc=/system/android/framework/framework.jar!classes4.dex
[RDFL_CP] H_after_Runtime_Current
[RDFL_CP] I_after_loc_checks
[RDFL_CP] J_oat_file=0x7fbcbcc9b0
[RDFL_CP] K_initialize_oat_file_data=1
[RDFL_CP] L_after_dex_caches_loop initialize=0
[RDFL_CP] Q_before_InitializeDexFileDomain
[RDFL_CP] R_after_InitializeDexFileDomain
[RDFL_CP] S_before_GetJniEnv
[RDFL_CP] T_after_GetJniEnv env=0x7faea46610
[RDFL_CP] U_after_GetVm vm=0x7fb4f1cdf0
[RDFL_CP] V_after_AddWeakGlobalRef weak=0x147
[RDFL_CP] W_after_ClassTableForClassLoader table=0x7fbcbfcbd0
[DBG_IFACE] AddNativeDebugInfoForDex no-op self=0x7fbcb091f0 dex=0x7fba505610
[RDFL_CP] X_after_AddNativeDebugInfoForDex
[RDFL_CP] Y_after_InsertStrongRoot
[RDFL_CP] AA_after_SetClassLoader
[RDFL_CP] BB_after_emplace inserted=1
[RDFL_CP] Z_func_exit
[ABCP_CP] Z_after_register
[OAIDF_CP] K_after_append idx=3
[OAIDF_CP] G_iter_enter idx=4
[OAIDF_CP] H_got_location idx=4 loc=/system/android/framework/framework.jar!classes5.dex
[OAIDF_CP] I_open_oat_dex idx=4 dex=0x7fba744eb0
[OAIDF_CP] J_after_initialize idx=4
[ABCP_CP] A_entry dex=0x7fba744eb0 cache=0x70e0c2c0
[ABCP_CP] B_pre_check_eq
[ABCP_CP] C_pre_push
[ABCP_CP] D_after_push bcp_size=12
[ABCP_CP] E_lock_acquired
[RDFL_CP] A_entry
[RDFL_CP] B_checks_ok
[RDFL_CP] C_before_GetLocation dex_cache=0x70e0c2c0
[RDFL_CP] D_after_GetLocation str=0x71ae7aa0
[RDFL_CP] E_after_ToModifiedUtf8 loc=/system/android/framework/framework.jar!classes5.dex
[RDFL_CP] F_after_len_check len=52
[RDFL_CP] G_after_dex_file_loc loc=/system/android/framework/framework.jar!classes5.dex
[RDFL_CP] H_after_Runtime_Current
[RDFL_CP] I_after_loc_checks
[RDFL_CP] J_oat_file=0x7fbcbcc9b0
[RDFL_CP] K_initialize_oat_file_data=1
[RDFL_CP] L_after_dex_caches_loop initialize=0
[RDFL_CP] Q_before_InitializeDexFileDomain
[RDFL_CP] R_after_InitializeDexFileDomain
[RDFL_CP] S_before_GetJniEnv
[RDFL_CP] T_after_GetJniEnv env=0x7faea46610
[RDFL_CP] U_after_GetVm vm=0x7fb4f1cdf0
[RDFL_CP] V_after_AddWeakGlobalRef weak=0x167
[RDFL_CP] W_after_ClassTableForClassLoader table=0x7fbcbfcbd0
[DBG_IFACE] AddNativeDebugInfoForDex no-op self=0x7fbcb091f0 dex=0x7fba744eb0
[RDFL_CP] X_after_AddNativeDebugInfoForDex
[RDFL_CP] Y_after_InsertStrongRoot
[RDFL_CP] AA_after_SetClassLoader
[RDFL_CP] BB_after_emplace inserted=1
[RDFL_CP] Z_func_exit
[ABCP_CP] Z_after_register
[OAIDF_CP] K_after_append idx=4
[OAIDF_CP] Z_done count=5
[AIS_CP] B_OK idx=7 dex_files=5
[AIS_CP] B_OpenAndInit idx=8
[OAIDF_CP] A_entry space=0x7fbcc00b40
[OAIDF_CP] B_got_header
[OAIDF_CP] C_got_dex_caches_root obj=0x72c94b68
[OAIDF_CP] D_got_dex_caches_handle
[OAIDF_CP] E_got_oat_file=0x7fbcbcccd0
[OAIDF_CP] F_counts oat=1 dex_caches=1
[OAIDF_CP] G_iter_enter idx=0
[OAIDF_CP] H_got_location idx=0 loc=/system/android/framework/oh-adapter-framework.jar
[OAIDF_CP] I_open_oat_dex idx=0 dex=0x7fba704e70
[OAIDF_CP] J_after_initialize idx=0
[ABCP_CP] A_entry dex=0x7fba704e70 cache=0x72c7e100
[ABCP_CP] B_pre_check_eq
[ABCP_CP] C_pre_push
[ABCP_CP] D_after_push bcp_size=13
[ABCP_CP] E_lock_acquired
[RDFL_CP] A_entry
[RDFL_CP] B_checks_ok
[RDFL_CP] C_before_GetLocation dex_cache=0x72c7e100
[RDFL_CP] D_after_GetLocation str=0x72c92618
[RDFL_CP] E_after_ToModifiedUtf8 loc=/system/android/framework/oh-adapter-framework.jar
[RDFL_CP] F_after_len_check len=50
[RDFL_CP] G_after_dex_file_loc loc=/system/android/framework/oh-adapter-framework.jar
[RDFL_CP] H_after_Runtime_Current
[RDFL_CP] I_after_loc_checks
[RDFL_CP] J_oat_file=0x7fbcbcccd0
[RDFL_CP] K_initialize_oat_file_data=1
[RDFL_CP] L_after_dex_caches_loop initialize=1
[RDFL_CP] M_before_InitializeRelocations
[RDFL_CP] N_after_InitializeRelocations
[RDFL_CP] O_exec_offset=73728 size=467140
[RDFL_CP] P_after_AddGeneratedCodeRange
[RDFL_CP] Q_before_InitializeDexFileDomain
[RDFL_CP] R_after_InitializeDexFileDomain
[RDFL_CP] S_before_GetJniEnv
[RDFL_CP] T_after_GetJniEnv env=0x7faea46610
[RDFL_CP] U_after_GetVm vm=0x7fb4f1cdf0
[RDFL_CP] V_after_AddWeakGlobalRef weak=0x187
[RDFL_CP] W_after_ClassTableForClassLoader table=0x7fbcbfcbd0
[DBG_IFACE] AddNativeDebugInfoForDex no-op self=0x7fbcb091f0 dex=0x7fba704e70
[RDFL_CP] X_after_AddNativeDebugInfoForDex
[RDFL_CP] Y_after_InsertStrongRoot
[RDFL_CP] AA_after_SetClassLoader
[RDFL_CP] BB_after_emplace inserted=1
[RDFL_CP] Z_func_exit
[ABCP_CP] Z_after_register
[OAIDF_CP] K_after_append idx=0
[OAIDF_CP] Z_done count=1
[AIS_CP] B_OK idx=8 dex_files=1
[AIS_CP] C_all_OpenAndInit_done
[AIS_CP] D_AddImageSpace idx=0
[AIS_CP] D_OK idx=0
[AIS_CP] D_AddImageSpace idx=1
[AIS_CP] D_OK idx=1
[AIS_CP] D_AddImageSpace idx=2
[AIS_CP] D_OK idx=2
[AIS_CP] D_AddImageSpace idx=3
[AIS_CP] D_OK idx=3
[AIS_CP] D_AddImageSpace idx=4
[AIS_CP] D_OK idx=4
[AIS_CP] D_AddImageSpace idx=5
[AIS_CP] D_OK idx=5
[AIS_CP] D_AddImageSpace idx=6
[AIS_CP] D_OK idx=6
[AIS_CP] D_AddImageSpace idx=7
[AIS_CP] D_OK idx=7
[AIS_CP] D_AddImageSpace idx=8
[AIS_CP] D_OK idx=8
[AIS_CP] Z_all_done
[CLI_CP] E_before_InitializeObjectVirtualMethodHashes
[CLI_CP] F_before_FinishInit
appspawn-x I 01-01 10:21:00  3693  3693 class_linker.cc:1026] ClassLinker::FinishInit entering
appspawn-x I 01-01 10:21:00  3693  3693 class_linker.cc:1090] ClassLinker::FinishInit exiting
[CLI_CP] Z_exiting
appspawn-x I 01-01 10:21:00  3693  3693 class_linker.cc:1421] InitFromBootImage exiting
[RTI_CP] A_after_InitFromBootImage result=1
[AIST_CP] A_entry boot_img_spaces=9
[AIST_CP] B_before idx=0 space=0x7fbcd49b40
[AIST_CP] C_after idx=0
[AIST_CP] B_before idx=1 space=0x7fbcd49e30
[AIST_CP] C_after idx=1
[AIST_CP] B_before idx=2 space=0x7fbcd499b0
[AIST_CP] C_after idx=2
[AIST_CP] B_before idx=3 space=0x7fbcc00050
[AIST_CP] C_after idx=3
[AIST_CP] B_before idx=4 space=0x7fbcc001e0
[AIST_CP] C_after idx=4
[AIST_CP] B_before idx=5 space=0x7fbcc00370
[AIST_CP] C_after idx=5
[AIST_CP] B_before idx=6 space=0x7fbcc00690
[AIST_CP] C_after idx=6
[AIST_CP] B_before idx=7 space=0x7fbcc00820
[AIST_CP] C_after idx=7
[AIST_CP] B_before idx=8 space=0x7fbcc00b40
[AIST_CP] C_after idx=8
[AIST_CP] Z_done total=9
[RTI_CP] B_after_AIST_block
[RTI_CP] C_total_components=9 bcp_size=9
[RTI_CP] H_exit_HasBootImage_block
[RTI_CP] I_before_checksums
[RTI_CP] J_after_checksums
[RTI_CP] K_after_CLnull_check
[RTI_CP] L_before_ClassVerifier_Init
[RTI_CP] M_after_ClassVerifier_Init
[RTI_CP] N_after_SetDefaultClockSource
[RTI_CP] O_enter_2nd_HasBootImage
[RTI_CP] P_after_GetImageHeader
[RTI_CP] Q_after_LiveObjects_DownCast
[RTI_CP] R_after_PreAllocated_from_image
[RTI_CP] S_exit_2nd_HasBootImage_block
[RTI_CP] T_before_JniIdManager_Init
[JID_CP] A_entry self=0x7fbcb091f0
[JID_CP] B_not_AotCompiler
[JID_CP] C_after_SHS
[JID_CP] D_GetClassRoot_Object root=0x704d5fd8
[JID_CP] E1_got_heap=0x7fbcbe8630
[JID_CP] E2_allocator=2
[JID_CP] E3_object_size=8
[JID_CP] E4_is_instantiable=1
[JID_CP] E5_thread_state=0 (kRunnable=4)
[JID_CP] E8_spaces region=0 bump=0 nonmoving=0x7fbcb122e0 rosalloc=0x7fbcb12550
[JID_CP] E7_before_AllocObject_call
[JID_CP] E_after_AllocObject raw=0x12c00050
[JID_CP] F_after_NewHandle_marker
[JID_CP] G_after_null_check
[JID_CP] H_after_GcRoot_assign
[JID_CP] I_GetClassRoot_ClassExt root=0x708e6da8
[JID_CP] J_before_EnsureExtDataPresent
[JID_CP] K_after_EnsureExtDataPresent
[JID_CP] L_after_GetExtData_NewHandle
[JID_CP] M_after_SetIds
[JID_CP] Z_exit
[RTI_CP] U_after_JniIdManager_Init
[RTI_CP] V_before_InitMetrics
[RTI_CP] W_after_InitMetrics
[RTI_CP] X_before_Plugins_block plugins_size=0
[RTI_CP] Y_before_ScopedThreadSuspension_kNative
[RTI_CP] Z_after_ScopedThreadSuspension_kNative
[RTI_CP] AA_before_LoadNativeBridge_block
appspawn-x I 01-01 10:21:00  3693  3693 native_bridge_art_interface.cc:95] Runtime::Setup native bridge library: (empty)
[RTI_CP] BB_after_LoadNativeBridge_block
appspawn-x I 01-01 10:21:00  3693  3693 runtime.cc:2124] Runtime::Init exiting
appspawn-x I 01-01 10:21:00  3693  3693 runtime.cc:941] Runtime::Start entering
appspawn-x I 01-01 10:21:00  3693  3693 runtime.cc:2209] Runtime::InitNativeMethods entering
appspawn-x I 01-01 10:21:00  3693  3693 runtime.cc:2265] Runtime::InitNativeMethods exiting
appspawn-x I 01-01 10:21:00  3693  3693 runtime.cc:1274] Runtime::StartDaemonThreads entering
[DBG] Thread::Init this=0x7fbca95060
[DBG] Thread::Init this=0x7fbca97050
[DBG] Thread::Init this=0x7fbca91070
appspawn-x I 01-01 10:21:00  3693  3693 runtime.cc:1285] Runtime::StartDaemonThreads exiting
appspawn-x I 01-01 10:21:00  3693  3693 runtime.cc:1050] Runtime::Start exiting
[AppSpawnX][VM] Step 4: JNI_CreateJavaVM returned 0
[AppSpawnX][VM] Step 4: JavaVM created successfully
[DBG] Thread::Init this=0x7fbca93080
[AppSpawnX] Registering framework JNI native methods
[liboh_android_runtime] startReg entering (32 modules)
[liboh_android_runtime] cached JavaVM=0x7fb4f1cdf0
[liboh_android_runtime] libjavacore JNI_OnLoad rc=0x10006 (OK)
[liboh_android_runtime]   ok register_android_util_Log
[liboh_android_runtime] register_android_util_EventLog: 7 methods (5 writeEvent overloads + 2 readEvents)
[liboh_android_runtime]   ok register_android_util_EventLog
[liboh_android_runtime]   ok register_android_app_Activity
[liboh_android_runtime]   ok register_android_os_SystemProperties
[liboh_android_runtime]   ok register_android_os_Trace
[liboh_android_runtime]   ok register_android_os_Process
[liboh_android_runtime]   ok register_android_os_SystemClock
[liboh_android_runtime]   ok register_android_os_Binder
[liboh_android_runtime]   ok register_android_os_Parcel
[liboh_android_runtime]   ok register_android_view_SurfaceControl
[liboh_android_runtime] register_android_view_SurfaceSession: 2 methods (nativeCreate, nativeDestroy)
[liboh_android_runtime]   ok register_android_view_SurfaceSession
[liboh_android_runtime] register_android_view_DisplayEventReceiver: 4 methods (Init, Finalizer, ScheduleVsync, GetLatestVsyncEventData)
[liboh_android_runtime]   ok register_android_view_DisplayEventReceiver
[liboh_android_runtime] register_android_view_InputChannel: 8 methods (NO_INPUT_EVENT_TRANSPORT baseline)
[liboh_android_runtime]   ok register_android_view_InputChannel
[liboh_android_runtime]   ok register_android_view_KeyCharacterMap
[liboh_android_runtime]   ok register_android_view_MotionEvent
KeyEvent-aosp I 01-01 10:21:00  3693  3693 registered 3 KeyEvent native methods (nativeNextId live)
[liboh_android_runtime]   ok register_android_view_KeyEvent
[liboh_android_runtime]   ok register_android_view_InputEventReceiver
[liboh_android_runtime]   ok register_android_content_AssetManager
[liboh_android_runtime]   ok register_android_os_MessageQueue
[liboh_android_runtime]   ok register_android_content_res_ApkAssets
[liboh_android_runtime]   ok register_android_content_StringBlock
[liboh_android_runtime]   ok register_android_content_XmlBlock
[liboh_android_runtime]   ok register_com_android_internal_os_ClassLoaderFactory
[liboh_android_runtime]   ok register_com_android_internal_util_VirtualRefBasePtr
[liboh_android_runtime]   ok register_android_graphics_Typeface
[liboh_android_runtime]   ok register_android_os_GraphicsEnvironment
[liboh_android_runtime]   ok register_libcore_util_NativeAllocationRegistry_guard
[liboh_android_runtime]   ok register_android_animation_PropertyValuesHolder
[liboh_android_runtime]   ok register_android_database_SQLiteConnection
[liboh_android_runtime]   ok register_android_database_SQLiteGlobal
[liboh_android_runtime]   ok register_android_database_SQLiteDebug
[liboh_android_runtime]   ok register_android_database_CursorWindow
[liboh_android_runtime] dlopen /system/android/lib/libhwui.so FAIL: Error loading shared library /system/android/lib/libhwui.so: No such file or directory
[liboh_android_runtime] dlopen libhwui.so OK
[liboh_android_runtime]   libhwui:register_BitmapFactory OK
[liboh_android_runtime]   libhwui:register_Matrix OK
[liboh_android_runtime]   libhwui:register_BitmapRegionDecoder OK
[liboh_android_runtime]   libhwui:register_Interpolator OK
[liboh_android_runtime]   libhwui:register_CreateJavaOutputStreamAdaptor OK
[liboh_android_runtime]   libhwui:register_PathMeasure OK
[liboh_android_runtime]   libhwui:register_GraphicsStatsService OK
[liboh_android_runtime]   libhwui:register_Picture OK
[liboh_android_runtime]   libhwui:register_ColorFilter OK
[liboh_android_runtime]   libhwui:register_Camera OK
[liboh_android_runtime]   libhwui:register_Gainmap OK
[liboh_android_runtime]   libhwui:register_Region OK
[liboh_android_runtime]   libhwui:register_Paint OK
[liboh_android_runtime]   libhwui:register_DisplayListCanvas OK
[liboh_android_runtime]   libhwui:register_ByteBufferStreamAdaptor rc=1
[liboh_android_runtime]   libhwui:register_Movie OK
[liboh_android_runtime]   libhwui:register_Mesh OK
[liboh_android_runtime]   libhwui:register_ThreadedRenderer OK
[liboh_android_runtime]   libhwui:register_PathIterator OK
[liboh_android_runtime]   libhwui:register_ColorSpace OK
[liboh_android_runtime]   libhwui:register_Graphics OK
[liboh_android_runtime]   libhwui:register_AnimatedImageDrawable OK
[liboh_android_runtime]   libhwui:register_PathParser OK
[liboh_android_runtime]   libhwui:register_TextureLayer OK
[liboh_android_runtime]   libhwui:register_AnimatedVectorDrawable OK
[liboh_android_runtime]   libhwui:register_NativeInterpolatorFactory OK
[liboh_android_runtime]   libhwui:register_ImageDecoder OK
[liboh_android_runtime]   libhwui:register_RenderNode OK
[liboh_android_runtime]   libhwui:register_DrawFilter OK
[liboh_android_runtime]   libhwui:register_RenderEffect OK
[liboh_android_runtime]   libhwui:register_NinePatch OK
[liboh_android_runtime]   libhwui:register_Canvas OK
[liboh_android_runtime]   libhwui:register_HardwareBufferRenderer OK
[liboh_android_runtime]   libhwui:register_Bitmap OK
[liboh_android_runtime]   libhwui:register_HardwareRendererObserver OK
[liboh_android_runtime]   libhwui:register_Path OK
[liboh_android_runtime]   libhwui:register_Shader OK
[liboh_android_runtime]   libhwui:register_VectorDrawable OK
[liboh_android_runtime]   libhwui:register_MaskFilter OK
[liboh_android_runtime]   libhwui:register_PathEffect OK
[liboh_android_runtime]   libhwui:register_RenderNodeAnimator OK
[liboh_android_runtime]   libhwui:register_CanvasProperty OK
[liboh_android_runtime]   libhwui:register_YuvImage OK
[liboh_android_runtime]   libhwui:register_FontFamily OK
[liboh_android_runtime]   libhwui:register_MeshSpecification OK
[liboh_android_runtime]   libhwui:register_fonts.Font OK
[liboh_android_runtime]   libhwui:register_fonts.FontFamily OK
[liboh_android_runtime]   libhwui:register_text.MeasuredText OK
[liboh_android_runtime]   libhwui:register_text.LineBreaker OK
[liboh_android_runtime]   libhwui:register_text.TextShaper OK
[liboh_android_runtime]   libhwui:register_text.GraphemeBreak OK
[liboh_android_runtime] libhwui register: 50 ok / 1 fail
[liboh_android_runtime] startReg exiting (ok)
[AppSpawnX] Framework JNI methods registered via AndroidRuntime::startReg
[AppSpawnX] JNI registration complete
[AppSpawnX] Caching Java class/method references
[AppSpawnX] Attempting to load AppSpawnXInit via PathClassLoader from /system/android/framework/oh-adapter-runtime.jar
[OAT_CP] A_open_entry
[OAT_CP] B_after_checkloc
[OAT_CP] C_after_vdex_fname
[OAT_CP] D_before_FileExists
[OAT_CP] D_vdex_fname=/system/android/framework/oat/arm64/oh-adapter-runtime.vdex exists=0
[OAT_CP] E_vdex_missing
[RDFL_CP] A_entry
[RDFL_CP] B_checks_ok
[RDFL_CP] C_before_GetLocation dex_cache=0x12c11660
[RDFL_CP] D_after_GetLocation str=0x12c1d1c0
[RDFL_CP] E_after_ToModifiedUtf8 loc=/system/android/framework/oh-adapter-runtime.jar
[RDFL_CP] F_after_len_check len=48
[RDFL_CP] G_after_dex_file_loc loc=/system/android/framework/oh-adapter-runtime.jar
[RDFL_CP] H_after_Runtime_Current
[RDFL_CP] I_after_loc_checks
[RDFL_CP] J_oat_file=0
[RDFL_CP] K_initialize_oat_file_data=0
[RDFL_CP] L_after_dex_caches_loop initialize=0
[RDFL_CP] Q_before_InitializeDexFileDomain
[RDFL_CP] R_after_InitializeDexFileDomain
[RDFL_CP] S_before_GetJniEnv
[RDFL_CP] T_after_GetJniEnv env=0x7faea46610
[RDFL_CP] U_after_GetVm vm=0x7fb4f1cdf0
[RDFL_CP] V_after_AddWeakGlobalRef weak=0x30b
[RDFL_CP] W_after_ClassTableForClassLoader table=0x7fbcab7a40
[DBG_IFACE] AddNativeDebugInfoForDex no-op self=0x7fbcb091f0 dex=0x7faf1efe60
[RDFL_CP] X_after_AddNativeDebugInfoForDex
[RDFL_CP] Y_after_InsertStrongRoot
[RDFL_CP] AA_after_SetClassLoader
[RDFL_CP] BB_after_emplace inserted=1
[RDFL_CP] Z_func_exit
[AppSpawnX] AppSpawnXInit loaded via PathClassLoader
[AppSpawnX] Cached PathClassLoader + loadClass for child reuse
[AppSpawnX] Java references cached successfully
[AppSpawnX] ART VM initialization complete
[AppSpawnX] Calling AppSpawnXInit.preload()...
[OH_SkiaCodecRegister] entering RegisterAllSkiaCodecs
[OH_SkiaCodecRegister] direct IsPng(89 50 4E 47 ...) = 1 (expected 1)
[OH_SkiaCodecRegister] SkPngDecoder::Decoder() returned: id.size=3 data=0x7fb45eb3d4 isFormat=0x7fb145009c decode=0x7fb1450f90
[OH_SkiaCodecRegister]   1/7 png registered
[OH_SkiaCodecRegister] all 7 Skia codecs registered
[SkiaSmokeTest] OH_SKIA_SMOKETEST=0 — skipping self-test battery
java.lang.NoSuchMethodError: no static or non-static method "Ladapter/activity/ActivityManagerAdapter;.nativeStartAbility(Ljava/lang/String;Ljava/lang/String;Ljava/lang/String;Ljava/lang/String;Ljava/lang/String;J)I"
	at java.lang.Runtime.nativeLoad(Native Method)
	at java.lang.Runtime.loadLibrary0(Runtime.java:1091)
	at java.lang.Runtime.loadLibrary0(Runtime.java:1003)
	at java.lang.System.loadLibrary(System.java:1661)
	at adapter.core.OHEnvironment.<clinit>(OHEnvironment.java:22)
	at java.lang.Class.classForName(Native Method)
	at java.lang.Class.forName(Class.java:536)
	at java.lang.Class.forName(Class.java:467)
	at com.android.internal.os.AppSpawnXInit.preloadAdapterBridge(AppSpawnXInit.java:938)
	at com.android.internal.os.AppSpawnXInit.preload(AppSpawnXInit.java:236)
java.lang.NoSuchMethodError: no static or non-static method "Ladapter/activity/ActivityTaskManagerAdapter;.nativeStartAbility(Ljava/lang/String;Ljava/lang/String;Ljava/lang/String;Ljava/lang/String;Ljava/lang/String;JI)I"
	at java.lang.Runtime.nativeLoad(Native Method)
	at java.lang.Runtime.loadLibrary0(Runtime.java:1091)
	at java.lang.Runtime.loadLibrary0(Runtime.java:1003)
	at java.lang.System.loadLibrary(System.java:1661)
	at adapter.core.OHEnvironment.<clinit>(OHEnvironment.java:22)
	at java.lang.Class.classForName(Native Method)
	at java.lang.Class.forName(Class.java:536)
	at java.lang.Class.forName(Class.java:467)
	at com.android.internal.os.AppSpawnXInit.preloadAdapterBridge(AppSpawnXInit.java:938)
	at com.android.internal.os.AppSpawnXInit.preload(AppSpawnXInit.java:236)
[AppSpawnX] Preload completed successfully
[AppSpawnX] [B35.A] RegisterNatives(AppSpawnXInit.nativeHiLog) OK via dlopen handle
[AppSpawnX] [Direction2] adapter_bridge_set_class_loader injected via dlsym OK
[AppSpawnX] [B48] RegisterNatives(ActivityThread.nInitZygoteChildHeapProfiling) OK
[TF-HOOK] appended wrappedPrime (nMethods=3)
[AppSpawnX] [P2-Bv2] RegisterNatives(AppSchedulerBridge, 3) OK
[AppSpawnX] ART VM started + framework preloaded on worker pthread
[AppSpawnX] Phase 4: Ready to accept spawn requests
[AppSpawnX] Listening on /dev/unix/socket/AppSpawnX
[AppSpawnX] Entering event loop on /dev/unix/socket/AppSpawnX
[AppSpawnX][D] Accepted connection, clientFd=17
[AppSpawnX] OH binary msg received: type=0 len=1060 id=1 tlvCount=8 proc=com.github.ashutoshgngwr.noice
[AppSpawnX][D] parseOhBinary: TLV type=6 len=16 skipped (not on hot path)
[AppSpawnX][D] parseOhBinary: TLV type=7 len=8 skipped (not on hot path)
[AppSpawnX][D] parseOhBinary: TLV type=9 len=56 skipped (not on hot path)
[AppSpawnX] Parsed spawn request: code=0 proc=com.github.ashutoshgngwr.noice bundle=com.github.ashutoshgngwr.noice uid=20013737 isOhBinary=1
[AppSpawnX] Spawn request: proc=com.github.ashutoshgngwr.noice bundle=com.github.ashutoshgngwr.noice uid=20013737 flags=0x0
[AppSpawnX] [ZYG] ZygoteHooks resolved (class + 3 methods)
[AppSpawnX] [ZYG] >>> ZygoteHooks.preFork() (parent)
[AppSpawnX] [ZYG] <<< ZygoteHooks.preFork() OK
[AppSpawnX] [ZYG] >>> ZygoteHooks.postForkCommon()
[AppSpawnX] Child process started, pid=3889 uid=20013737 bundle=com.github.ashutoshgngwr.noice
[AppSpawnX] [CHILD] entering stderr redirect probe
[DBG] Thread::Init this=0x7fbcafb1d0
[DBG] Thread::Init this=0x7fbcafd1c0
[AppSpawnX] [ZYG] <<< ZygoteHooks.postForkCommon() OK
[AppSpawnX] Spawned child pid=3889 for com.github.ashutoshgngwr.noice (uid=20013737)
[AppSpawnX][D] OH binary response sent: pid=3889 result=0 msgId=1
[DBG] Thread::Init this=0x7fbca941e0
[DBG] Thread::Init this=0x7fbca961e0
[AppSpawnX] [CHILD] opened /data/service/el1/public/appspawnx/adapter_child_3889.stderr fd=5
[AppSpawnX][D] Accepted connection, clientFd=17
[AppSpawnX] OH binary msg received: type=0 len=1060 id=1 tlvCount=8 proc=com.github.ashutoshgngwr.noice
[AppSpawnX][D] parseOhBinary: TLV type=6 len=16 skipped (not on hot path)
[AppSpawnX][D] parseOhBinary: TLV type=7 len=8 skipped (not on hot path)
[AppSpawnX][D] parseOhBinary: TLV type=9 len=56 skipped (not on hot path)
[AppSpawnX] Parsed spawn request: code=0 proc=com.github.ashutoshgngwr.noice bundle=com.github.ashutoshgngwr.noice uid=20013737 isOhBinary=1
[AppSpawnX] Spawn request: proc=com.github.ashutoshgngwr.noice bundle=com.github.ashutoshgngwr.noice uid=20013737 flags=0x0
[AppSpawnX] [ZYG] >>> ZygoteHooks.preFork() (parent)
[AppSpawnX] [ZYG] <<< ZygoteHooks.preFork() OK
[AppSpawnX] [ZYG] >>> ZygoteHooks.postForkCommon()
[DBG] Thread::Init this=0x7fbcafb230
[AppSpawnX] Child process started, pid=4060 uid=20013737 bundle=com.github.ashutoshgngwr.noice
[AppSpawnX] [CHILD] entering stderr redirect probe
[DBG] Thread::Init this=0x7fbcafd220
[DBG] Thread::Init this=0x7fbcaf0250
[AppSpawnX] [ZYG] <<< ZygoteHooks.postForkCommon() OK
[AppSpawnX] Spawned child pid=4060 for com.github.ashutoshgngwr.noice (uid=20013737)
[AppSpawnX][D] OH binary response sent: pid=4060 result=0 msgId=1
[AppSpawnX] [CHILD] opened /data/service/el1/public/appspawnx/adapter_child_4060.stderr fd=5
[DBG] Thread::Init this=0x7fbcaf2250
